    Blocking waiting for file lock on build directory
    Checking zstd-sys v2.0.16+zstd.1.5.7
    Checking rand_distr v0.5.1
   Compiling zstd-safe v7.2.4
    Checking candle-kernels v0.9.2
    Checking hyper v1.8.1
   Compiling candle-flash-attn v0.9.2
    Checking tokenizers v0.22.2
    Checking sysinfo v0.33.1
    Checking zstd v0.13.3
    Checking half v2.7.1
warning: candle-flash-attn@0.9.2: Checking out cutlass commit 7d49e6c7e2f8896c47f586706e67e1fb215529dc
error: failed to run custom build command for `candle-flash-attn v0.9.2`

Caused by:
  process didn't exit successfully: `C:\Users\cires\OneDrive\Documents\projects\mlmf\target\debug\build\candle-flash-attn-4d58758c4a195fec\build-script-build` (exit code: 1)
  --- stdout
  cargo::rerun-if-changed=build.rs
  cargo::rerun-if-changed=kernels/flash_api.cu
  cargo::rerun-if-changed=kernels/flash_fwd_hdim128_fp16_sm80.cu
  cargo::rerun-if-changed=kernels/flash_fwd_hdim160_fp16_sm80.cu
  cargo::rerun-if-changed=kernels/flash_fwd_hdim192_fp16_sm80.cu
  cargo::rerun-if-changed=kernels/flash_fwd_hdim224_fp16_sm80.cu
  cargo::rerun-if-changed=kernels/flash_fwd_hdim256_fp16_sm80.cu
  cargo::rerun-if-changed=kernels/flash_fwd_hdim32_fp16_sm80.cu
  cargo::rerun-if-changed=kernels/flash_fwd_hdim64_fp16_sm80.cu
  cargo::rerun-if-changed=kernels/flash_fwd_hdim96_fp16_sm80.cu
  cargo::rerun-if-changed=kernels/flash_fwd_hdim128_bf16_sm80.cu
  cargo::rerun-if-changed=kernels/flash_fwd_hdim160_bf16_sm80.cu
  cargo::rerun-if-changed=kernels/flash_fwd_hdim192_bf16_sm80.cu
  cargo::rerun-if-changed=kernels/flash_fwd_hdim224_bf16_sm80.cu
  cargo::rerun-if-changed=kernels/flash_fwd_hdim256_bf16_sm80.cu
  cargo::rerun-if-changed=kernels/flash_fwd_hdim32_bf16_sm80.cu
  cargo::rerun-if-changed=kernels/flash_fwd_hdim64_bf16_sm80.cu
  cargo::rerun-if-changed=kernels/flash_fwd_hdim96_bf16_sm80.cu
  cargo::rerun-if-changed=kernels/flash_fwd_hdim128_fp16_causal_sm80.cu
  cargo::rerun-if-changed=kernels/flash_fwd_hdim160_fp16_causal_sm80.cu
  cargo::rerun-if-changed=kernels/flash_fwd_hdim192_fp16_causal_sm80.cu
  cargo::rerun-if-changed=kernels/flash_fwd_hdim224_fp16_causal_sm80.cu
  cargo::rerun-if-changed=kernels/flash_fwd_hdim256_fp16_causal_sm80.cu
  cargo::rerun-if-changed=kernels/flash_fwd_hdim32_fp16_causal_sm80.cu
  cargo::rerun-if-changed=kernels/flash_fwd_hdim64_fp16_causal_sm80.cu
  cargo::rerun-if-changed=kernels/flash_fwd_hdim96_fp16_causal_sm80.cu
  cargo::rerun-if-changed=kernels/flash_fwd_hdim128_bf16_causal_sm80.cu
  cargo::rerun-if-changed=kernels/flash_fwd_hdim160_bf16_causal_sm80.cu
  cargo::rerun-if-changed=kernels/flash_fwd_hdim192_bf16_causal_sm80.cu
  cargo::rerun-if-changed=kernels/flash_fwd_hdim224_bf16_causal_sm80.cu
  cargo::rerun-if-changed=kernels/flash_fwd_hdim256_bf16_causal_sm80.cu
  cargo::rerun-if-changed=kernels/flash_fwd_hdim32_bf16_causal_sm80.cu
  cargo::rerun-if-changed=kernels/flash_fwd_hdim64_bf16_causal_sm80.cu
  cargo::rerun-if-changed=kernels/flash_fwd_hdim96_bf16_causal_sm80.cu
  cargo::rerun-if-changed=kernels/flash_fwd_kernel.h
  cargo::rerun-if-changed=kernels/flash_fwd_launch_template.h
  cargo::rerun-if-changed=kernels/flash.h
  cargo::rerun-if-changed=kernels/philox.cuh
  cargo::rerun-if-changed=kernels/softmax.h
  cargo::rerun-if-changed=kernels/utils.h
  cargo::rerun-if-changed=kernels/kernel_traits.h
  cargo::rerun-if-changed=kernels/block_info.h
  cargo::rerun-if-changed=kernels/static_switch.h
  cargo::rerun-if-changed=kernels/hardware_info.h
  cargo::warning=Checking out cutlass commit 7d49e6c7e2f8896c47f586706e67e1fb215529dc

  --- stderr
  From https://github.com/NVIDIA/cutlass
   * branch              7d49e6c7e2f8896c47f586706e67e1fb215529dc -> FETCH_HEAD
  error: cannot stat 'docs/classcutlass_1_1epilogue_1_1thread_1_1LinearCombinationRelu_3_01ElementOutput___00_01Count_00_014d4e40c4295be6a8d8778d86e94fe14a.html': Filename too long
  error: cannot stat 'docs/classcutlass_1_1epilogue_1_1thread_1_1LinearCombinationRelu_3_01ElementOutput___00_01Count_00_01int_00_01float_00_01Round_01_4.html': Filename too long
  error: cannot stat 'docs/classcutlass_1_1epilogue_1_1warp_1_1FragmentIteratorComplexTensorOp_3_01WarpShape___00_01Operato65e8dd1d709c1257fe4e30825dcc5f06.html': Filename too long
  error: cannot stat 'docs/classcutlass_1_1epilogue_1_1warp_1_1FragmentIteratorComplexTensorOp_3_01WarpShape___00_01Operato8cf03c624cf3210c71b7cbd580b080f8.html': Filename too long
  error: cannot stat 'docs/classcutlass_1_1epilogue_1_1warp_1_1FragmentIteratorSimt_3_01WarpShape___00_01Operator___00_01la3f2abc523201c1b0228df99119ab88e1.html': Filename too long
  error: cannot stat 'docs/classcutlass_1_1epilogue_1_1warp_1_1FragmentIteratorSimt_3_01WarpShape___00_01Operator___00_01la91754875457d1736401ce8b815f5a9ea.html': Filename too long
  error: cannot stat 'docs/classcutlass_1_1epilogue_1_1warp_1_1FragmentIteratorTensorOp_3_01WarpShape___00_01OperatorShape_5e78dabe303f20d76b00c600aab61eda.html': Filename too long
  error: cannot stat 'docs/classcutlass_1_1epilogue_1_1warp_1_1FragmentIteratorTensorOp_3_01WarpShape___00_01OperatorShape_6b5ec5b2b023c078c305dbf7583b79cf.html': Filename too long
  error: cannot stat 'docs/classcutlass_1_1epilogue_1_1warp_1_1FragmentIteratorTensorOp_3_01WarpShape___00_01OperatorShape_72e1add04bb402b37cf00537c77e94a8.html': Filename too long
  error: cannot stat 'docs/classcutlass_1_1epilogue_1_1warp_1_1FragmentIteratorTensorOp_3_01WarpShape___00_01OperatorShape_e459aab140a2ce78336e584f95886726.html': Filename too long
  error: cannot stat 'docs/classcutlass_1_1epilogue_1_1warp_1_1FragmentIteratorVoltaTensorOp_3_01WarpShape___00_01gemm_1_1G16e08718cffa0989cce3fe8dbc4b075b.html': Filename too long
  error: cannot stat 'docs/classcutlass_1_1epilogue_1_1warp_1_1FragmentIteratorVoltaTensorOp_3_01WarpShape___00_01gemm_1_1G78b1ed9e671a468d35013cfbe9935984.html': Filename too long
  error: cannot stat 'docs/classcutlass_1_1epilogue_1_1warp_1_1FragmentIteratorVoltaTensorOp_3_01WarpShape___00_01gemm_1_1G8fb159e6b5b40e2838be5f52cfe17062.html': Filename too long
  error: cannot stat 'docs/classcutlass_1_1epilogue_1_1warp_1_1FragmentIteratorVoltaTensorOp_3_01WarpShape___00_01gemm_1_1Gdb805a2dc5571ac3b66e0fe6ffdcede2.html': Filename too long
  error: cannot stat 'docs/classcutlass_1_1epilogue_1_1warp_1_1FragmentIteratorWmmaTensorOp_3_01WarpShape___00_01OperatorSh5bf991809805fb3276af51be7cf76c5a.html': Filename too long
  error: cannot stat 'docs/classcutlass_1_1epilogue_1_1warp_1_1FragmentIteratorWmmaTensorOp_3_01WarpShape___00_01OperatorShfdb1f120c6797383663f9fd11d0fc599.html': Filename too long
  error: cannot stat 'docs/classcutlass_1_1epilogue_1_1warp_1_1TileIteratorSimt_3_01WarpShape___00_01Operator___00_01Elemen511cc12482dd0c67e9fe697263803a4d.html': Filename too long
  error: cannot stat 'docs/classcutlass_1_1epilogue_1_1warp_1_1TileIteratorSimt_3_01WarpShape___00_01Operator___00_01Elemenf2bd262ed3e202b25d5802d83965bf3b.html': Filename too long
  error: cannot stat 'docs/classcutlass_1_1epilogue_1_1warp_1_1TileIteratorTensorOp_3_01WarpShape___00_01OperatorShape___003a6f54e58875f27c8964f8d800eb0a41.html': Filename too long
  error: cannot stat 'docs/classcutlass_1_1epilogue_1_1warp_1_1TileIteratorTensorOp_3_01WarpShape___00_01OperatorShape___003cbb32beb84b4984cb7853662096d289.html': Filename too long
  error: cannot stat 'docs/classcutlass_1_1epilogue_1_1warp_1_1TileIteratorVoltaTensorOp_3_01WarpShape___00_01gemm_1_1GemmS2fe0c60b727c738c622c18fc3dd76644.html': Filename too long
  error: cannot stat 'docs/classcutlass_1_1epilogue_1_1warp_1_1TileIteratorVoltaTensorOp_3_01WarpShape___00_01gemm_1_1GemmSa0ceeeddc22575876eb977da7f5416a8.html': Filename too long
  error: cannot stat 'docs/classcutlass_1_1epilogue_1_1warp_1_1TileIteratorVoltaTensorOp_3_01WarpShape___00_01gemm_1_1GemmSa3f1805da1f79a22c4b13deb8bfd6dbc.html': Filename too long
  error: cannot stat 'docs/classcutlass_1_1epilogue_1_1warp_1_1TileIteratorVoltaTensorOp_3_01WarpShape___00_01gemm_1_1GemmSec8059d5848d8771911d48e44fbab0a1.html': Filename too long
  error: cannot stat 'docs/classcutlass_1_1epilogue_1_1warp_1_1TileIteratorWmmaTensorOp_3_01WarpShape___00_01OperatorShape_d40dea6fdd53d690220261eb3df00de7.html': Filename too long
  error: cannot stat 'docs/classcutlass_1_1epilogue_1_1warp_1_1TileIteratorWmmaTensorOp_3_01WarpShape___00_01OperatorShape_fd6a91cd8bbd07ecd1344326b830e3a4.html': Filename too long
  error: cannot stat 'docs/classcutlass_1_1gemm_1_1device_1_1GemmBatched_3_01ElementA___00_01LayoutA___00_01ElementB___00_067bcc9899cdd1d09bb72e91a0196124f.html': Filename too long
  error: cannot stat 'docs/classcutlass_1_1gemm_1_1device_1_1GemmBatched_3_01ElementA___00_01LayoutA___00_01ElementB___00_0c9bb6f4463ab6085e6008b5d5ad6abfd.html': Filename too long
  error: cannot stat 'docs/classcutlass_1_1gemm_1_1device_1_1GemmComplex_3_01ElementA___00_01LayoutA___00_01ElementB___00_04d70e4e6a90042308bae3da503c86e09.html': Filename too long
  error: cannot stat 'docs/classcutlass_1_1gemm_1_1device_1_1GemmComplex_3_01ElementA___00_01LayoutA___00_01ElementB___00_07c56401b4df75709ae636675d9980a9a.html': Filename too long
  error: cannot stat 'docs/classcutlass_1_1gemm_1_1device_1_1GemmSplitKParallel_3_01ElementA___00_01LayoutA___00_01ElementBbe7c1f7154ad5b5bf9d4d28301e2b457.html': Filename too long
  error: cannot stat 'docs/classcutlass_1_1gemm_1_1device_1_1GemmSplitKParallel_3_01ElementA___00_01LayoutA___00_01ElementBdb459748f0fef7bac42fca5554ff1c33.html': Filename too long
  error: cannot stat 'docs/classcutlass_1_1gemm_1_1device_1_1Gemm_3_01ElementA___00_01LayoutA___00_01ElementB___00_01Layout4d0960ae6b1d1bf19e6239dbd002249c.html': Filename too long
  error: cannot stat 'docs/classcutlass_1_1gemm_1_1device_1_1Gemm_3_01ElementA___00_01LayoutA___00_01ElementB___00_01Layout99997dac0ac0369caba3b97208ce1ff6.html': Filename too long
  error: cannot stat 'docs/classcutlass_1_1gemm_1_1warp_1_1MmaComplexTensorOp_3_01Shape___00_01complex_3_01RealElementA_01_0a57cf0ae57b6a111bda06a00be37068.html': Filename too long
  error: cannot stat 'docs/classcutlass_1_1gemm_1_1warp_1_1MmaComplexTensorOp_3_01Shape___00_01complex_3_01RealElementA_01_146441010dad1f40eb51b6dae3ded216.html': Filename too long
  error: cannot stat 'docs/classcutlass_1_1gemm_1_1warp_1_1MmaSimtTileIterator_3_01Shape___00_01Operand_1_1kA_00_01Element_67ca7e11a38e38f2c51b84767654a90f.html': Filename too long
  error: cannot stat 'docs/classcutlass_1_1gemm_1_1warp_1_1MmaSimtTileIterator_3_01Shape___00_01Operand_1_1kA_00_01Element_a2456a020c69a771b09829baf7b67ebf.html': Filename too long
  error: cannot stat 'docs/classcutlass_1_1gemm_1_1warp_1_1MmaSimtTileIterator_3_01Shape___00_01Operand_1_1kA_00_01Element_e69c7b56575690d8ab3cbb5aeea28451.html': Filename too long
  error: cannot stat 'docs/classcutlass_1_1gemm_1_1warp_1_1MmaSimtTileIterator_3_01Shape___00_01Operand_1_1kA_00_01Element_f0ce904a9294556f15e1cc9cf7c99a93.html': Filename too long
  error: cannot stat 'docs/classcutlass_1_1gemm_1_1warp_1_1MmaSimtTileIterator_3_01Shape___00_01Operand_1_1kB_00_01Element_5010ca7c1b96117113514b8b4ebddfa0.html': Filename too long
  error: cannot stat 'docs/classcutlass_1_1gemm_1_1warp_1_1MmaSimtTileIterator_3_01Shape___00_01Operand_1_1kB_00_01Element_7436805480213675b5259979e1f6a17e.html': Filename too long
  error: cannot stat 'docs/classcutlass_1_1gemm_1_1warp_1_1MmaSimtTileIterator_3_01Shape___00_01Operand_1_1kB_00_01Element_ada156b62fcbdce47009c5bf1321c92c.html': Filename too long
  error: cannot stat 'docs/classcutlass_1_1gemm_1_1warp_1_1MmaSimtTileIterator_3_01Shape___00_01Operand_1_1kB_00_01Element_ea0a4e7ce3cd5d25cabf79383efdf4d9.html': Filename too long
  error: cannot stat 'docs/classcutlass_1_1gemm_1_1warp_1_1MmaSimtTileIterator_3_01Shape___00_01Operand_1_1kC_00_01Element_2ee3984cc649ece3b024188abfeebdad.html': Filename too long
  error: cannot stat 'docs/classcutlass_1_1gemm_1_1warp_1_1MmaSimtTileIterator_3_01Shape___00_01Operand_1_1kC_00_01Element_4ccafbc821b3a55cd532602442a74031.html': Filename too long
  error: cannot stat 'docs/classcutlass_1_1gemm_1_1warp_1_1MmaSimtTileIterator_3_01Shape___00_01Operand_1_1kC_00_01Element_8f92ea79e85febb67169c4b2d94b1b20.html': Filename too long
  error: cannot stat 'docs/classcutlass_1_1gemm_1_1warp_1_1MmaSimtTileIterator_3_01Shape___00_01Operand_1_1kC_00_01Element_a1f4bdda9e7a19223c391e2ec786b91d.html': Filename too long
  error: cannot stat 'docs/classcutlass_1_1gemm_1_1warp_1_1MmaTensorOpAccumulatorTileIterator_3_01Shape___00_01Element___00027dabdc144edd6276f664ca74088510.html': Filename too long
  error: cannot stat 'docs/classcutlass_1_1gemm_1_1warp_1_1MmaTensorOpAccumulatorTileIterator_3_01Shape___00_01Element___00064bfe771e6b9a641152b220dd6e6550.html': Filename too long
  error: cannot stat 'docs/classcutlass_1_1gemm_1_1warp_1_1MmaTensorOpAccumulatorTileIterator_3_01Shape___00_01Element___006c39f57875e0aa9d0ad82c8043ed8b98.html': Filename too long
  error: cannot stat 'docs/classcutlass_1_1gemm_1_1warp_1_1MmaTensorOpAccumulatorTileIterator_3_01Shape___00_01Element___008f607b871a2b3d854eb4def64712c042.html': Filename too long
  error: cannot stat 'docs/classcutlass_1_1gemm_1_1warp_1_1MmaTensorOpAccumulatorTileIterator_3_01Shape___00_01Element___009fb4d99d9f854adc12c5f9e63302b4c8.html': Filename too long
  error: cannot stat 'docs/classcutlass_1_1gemm_1_1warp_1_1MmaTensorOpAccumulatorTileIterator_3_01Shape___00_01Element___00aff26d6194ae0e147368350f4cacf994.html': Filename too long
  error: cannot stat 'docs/classcutlass_1_1gemm_1_1warp_1_1MmaTensorOpMultiplicandTileIterator_3_01Shape___00_01Operand___0352e0dcab42bc8360606874e00173556.html': Filename too long
  error: cannot stat 'docs/classcutlass_1_1gemm_1_1warp_1_1MmaTensorOpMultiplicandTileIterator_3_01Shape___00_01Operand___039819fb3ccd43786d556c2c9669508ef.html': Filename too long
  error: cannot stat 'docs/classcutlass_1_1gemm_1_1warp_1_1MmaTensorOpMultiplicandTileIterator_3_01Shape___00_01Operand___061061fa051337e681934b994f511ad56.html': Filename too long
  error: cannot stat 'docs/classcutlass_1_1gemm_1_1warp_1_1MmaTensorOpMultiplicandTileIterator_3_01Shape___00_01Operand___06c47d82768aa45bab2726e67d577b0d5.html': Filename too long
  error: cannot stat 'docs/classcutlass_1_1gemm_1_1warp_1_1MmaTensorOpMultiplicandTileIterator_3_01Shape___00_01Operand___07bf53239dbcc064f44d6c5d96e4a51bb.html': Filename too long
  error: cannot stat 'docs/classcutlass_1_1gemm_1_1warp_1_1MmaTensorOpMultiplicandTileIterator_3_01Shape___00_01Operand___0b84f53cd44b339eccc12067c9f86e11c.html': Filename too long
  error: cannot stat 'docs/classcutlass_1_1gemm_1_1warp_1_1MmaTensorOpMultiplicandTileIterator_3_01Shape___00_01Operand___0c430ef744703d5f98604b8ecc88574f9.html': Filename too long
  error: cannot stat 'docs/classcutlass_1_1gemm_1_1warp_1_1MmaTensorOpMultiplicandTileIterator_3_01Shape___00_01Operand___0c7d419c589d601ce4eb603be566fea21.html': Filename too long
  error: cannot stat 'docs/classcutlass_1_1gemm_1_1warp_1_1MmaTensorOpMultiplicandTileIterator_3_01Shape___00_01Operand___0dadd1ada54e0c66b1fc323db1c2d5f4b.html': Filename too long
  error: cannot stat 'docs/classcutlass_1_1gemm_1_1warp_1_1MmaTensorOpMultiplicandTileIterator_3_01Shape___00_01Operand___0e406d341fae1780c4b8cd55fe869ef91.html': Filename too long
  error: cannot stat 'docs/classcutlass_1_1gemm_1_1warp_1_1MmaTensorOpMultiplicandTileIterator_3_01Shape___00_01Operand___0e52ad425e1ee3e68544873f66733237b.html': Filename too long
  error: cannot stat 'docs/classcutlass_1_1gemm_1_1warp_1_1MmaTensorOpMultiplicandTileIterator_3_01Shape___00_01Operand___0ed7daaeba1c095e77f68533d4d2c475c.html': Filename too long
  error: cannot stat 'docs/classcutlass_1_1gemm_1_1warp_1_1MmaVoltaTensorOpMultiplicandTileIterator_3_01Shape___00_01Operan0c2424e93c61db6a6296de234d81956f.html': Filename too long
  error: cannot stat 'docs/classcutlass_1_1gemm_1_1warp_1_1MmaVoltaTensorOpMultiplicandTileIterator_3_01Shape___00_01Operan0d3248553e52cd61ed8a2b3b12a20343.html': Filename too long
  error: cannot stat 'docs/classcutlass_1_1gemm_1_1warp_1_1MmaVoltaTensorOpMultiplicandTileIterator_3_01Shape___00_01Operan16c56cdc2dda5eeb996af8ec0242d501.html': Filename too long
  error: cannot stat 'docs/classcutlass_1_1gemm_1_1warp_1_1MmaVoltaTensorOpMultiplicandTileIterator_3_01Shape___00_01Operan26f3c501f953ca28fe4df0c389a6d0f0.html': Filename too long
  error: cannot stat 'docs/classcutlass_1_1gemm_1_1warp_1_1MmaVoltaTensorOpMultiplicandTileIterator_3_01Shape___00_01Operan34be8e21a40af3ebd2dc3dff460dca72.html': Filename too long
  error: cannot stat 'docs/classcutlass_1_1gemm_1_1warp_1_1MmaVoltaTensorOpMultiplicandTileIterator_3_01Shape___00_01Operan3bcbe1d689d85b2c9dfed34cbb21052a.html': Filename too long
  error: cannot stat 'docs/classcutlass_1_1gemm_1_1warp_1_1MmaVoltaTensorOpMultiplicandTileIterator_3_01Shape___00_01Operan40b39855df010de47549257e79292db4.html': Filename too long
  error: cannot stat 'docs/classcutlass_1_1gemm_1_1warp_1_1MmaVoltaTensorOpMultiplicandTileIterator_3_01Shape___00_01Operan5808900a4e1f473b3e50b34d97bf937a.html': Filename too long
  error: cannot stat 'docs/classcutlass_1_1gemm_1_1warp_1_1MmaVoltaTensorOpMultiplicandTileIterator_3_01Shape___00_01Operan5a221944f4a0e16ccab77ba684856942.html': Filename too long
  error: cannot stat 'docs/classcutlass_1_1gemm_1_1warp_1_1MmaVoltaTensorOpMultiplicandTileIterator_3_01Shape___00_01Operan8efc24241724136902518265d02a3d37.html': Filename too long
  error: cannot stat 'docs/classcutlass_1_1gemm_1_1warp_1_1MmaVoltaTensorOpMultiplicandTileIterator_3_01Shape___00_01Operana2f40b28f0d2286b84d86f7238d67b52.html': Filename too long
  error: cannot stat 'docs/classcutlass_1_1gemm_1_1warp_1_1MmaVoltaTensorOpMultiplicandTileIterator_3_01Shape___00_01Operand734577b7e54a074d143aba59828c2f2.html': Filename too long
  error: cannot stat 'docs/classcutlass_1_1gemm_1_1warp_1_1MmaVoltaTensorOpMultiplicandTileIterator_3_01Shape___00_01Operandbec6bcbbc4d4add9a9fe66e6de50675.html': Filename too long
  error: cannot stat 'docs/classcutlass_1_1gemm_1_1warp_1_1MmaVoltaTensorOpMultiplicandTileIterator_3_01Shape___00_01Operandcc9821c435540895138bc9af495f321.html': Filename too long
  error: cannot stat 'docs/classcutlass_1_1transform_1_1threadblock_1_1PredicatedTileAccessIterator2dThreadTile_3_01Shape__0aa7296f39e4779422864a6755ab6070.html': Filename too long
  error: cannot stat 'docs/classcutlass_1_1transform_1_1threadblock_1_1PredicatedTileAccessIterator2dThreadTile_3_01Shape__1790abaa54a01f277d75766d5882fec8.html': Filename too long
  error: cannot stat 'docs/classcutlass_1_1transform_1_1threadblock_1_1PredicatedTileAccessIterator2dThreadTile_3_01Shape__18e9cf25bb3b8edfaad595241a6dc2d7.html': Filename too long
  error: cannot stat 'docs/classcutlass_1_1transform_1_1threadblock_1_1PredicatedTileAccessIterator2dThreadTile_3_01Shape__41009dfccf282d1422aafb23cf1e3e4a.html': Filename too long
  error: cannot stat 'docs/classcutlass_1_1transform_1_1threadblock_1_1PredicatedTileAccessIterator2dThreadTile_3_01Shape__7327fa15996bcb8502cdfcc192350fe1.html': Filename too long
  error: cannot stat 'docs/classcutlass_1_1transform_1_1threadblock_1_1PredicatedTileAccessIterator2dThreadTile_3_01Shape__7edaff7f25fa2f43f21bc45329c1736a.html': Filename too long
  error: cannot stat 'docs/classcutlass_1_1transform_1_1threadblock_1_1PredicatedTileAccessIterator2dThreadTile_3_01Shape__8ccc62d47a092afc8bee32ffe9d1e4ba.html': Filename too long
  error: cannot stat 'docs/classcutlass_1_1transform_1_1threadblock_1_1PredicatedTileAccessIterator2dThreadTile_3_01Shape__8ccd146eec7b82ca7e35a235678df629.html': Filename too long
  error: cannot stat 'docs/classcutlass_1_1transform_1_1threadblock_1_1PredicatedTileAccessIterator2dThreadTile_3_01Shape__a56cbccec33ee916292ad9d068474609.html': Filename too long
  error: cannot stat 'docs/classcutlass_1_1transform_1_1threadblock_1_1PredicatedTileAccessIterator2dThreadTile_3_01Shape__ab31a46c81fdcf99dcf3f780d19902e3.html': Filename too long
  error: cannot stat 'docs/classcutlass_1_1transform_1_1threadblock_1_1PredicatedTileAccessIterator2dThreadTile_3_01Shape__ad17304f9466e09edfd94345da01b287.html': Filename too long
  error: cannot stat 'docs/classcutlass_1_1transform_1_1threadblock_1_1PredicatedTileAccessIterator2dThreadTile_3_01Shape__da632779aba661c0f4cfaaa78126b771.html': Filename too long
  error: cannot stat 'docs/classcutlass_1_1transform_1_1threadblock_1_1PredicatedTileAccessIterator_3_01Shape___00_01Elemen058417e2cdd86f3cd6ad5458581571c8.html': Filename too long
  error: cannot stat 'docs/classcutlass_1_1transform_1_1threadblock_1_1PredicatedTileAccessIterator_3_01Shape___00_01Elemen2a6b6211aec419b1577007da4b7a8acf.html': Filename too long
  error: cannot stat 'docs/classcutlass_1_1transform_1_1threadblock_1_1PredicatedTileAccessIterator_3_01Shape___00_01Elemen339ca2c3f0da474a830c3f9c59a86d53.html': Filename too long
  error: cannot stat 'docs/classcutlass_1_1transform_1_1threadblock_1_1PredicatedTileAccessIterator_3_01Shape___00_01Elemen392f8b4792197075fdff65e10f0aa956.html': Filename too long
  error: cannot stat 'docs/classcutlass_1_1transform_1_1threadblock_1_1PredicatedTileAccessIterator_3_01Shape___00_01Elemen41e459f664d17473570cf22fb616845f.html': Filename too long
  error: cannot stat 'docs/classcutlass_1_1transform_1_1threadblock_1_1PredicatedTileAccessIterator_3_01Shape___00_01Elemen44ce348364e78f5a56fa0c2cef6af930.html': Filename too long
  error: cannot stat 'docs/classcutlass_1_1transform_1_1threadblock_1_1PredicatedTileAccessIterator_3_01Shape___00_01Elemen48b0145d8f67123c1eb694de377033f3.html': Filename too long
  error: cannot stat 'docs/classcutlass_1_1transform_1_1threadblock_1_1PredicatedTileAccessIterator_3_01Shape___00_01Elemen5b5c3000a37203d17fda2581511cafe0.html': Filename too long
  error: cannot stat 'docs/classcutlass_1_1transform_1_1threadblock_1_1PredicatedTileAccessIterator_3_01Shape___00_01Elemen65295776e4fc034eccbcb4e93de830ba.html': Filename too long
  error: cannot stat 'docs/classcutlass_1_1transform_1_1threadblock_1_1PredicatedTileAccessIterator_3_01Shape___00_01Elemen784a0e9da3f55064c47e5613791f51f7.html': Filename too long
  error: cannot stat 'docs/classcutlass_1_1transform_1_1threadblock_1_1PredicatedTileAccessIterator_3_01Shape___00_01Elemen809793e785fb4211888c6b4e5dcfcb39.html': Filename too long
  error: cannot stat 'docs/classcutlass_1_1transform_1_1threadblock_1_1PredicatedTileAccessIterator_3_01Shape___00_01Elemen89c687c583745a73cb485041911a4c4e.html': Filename too long
  error: cannot stat 'docs/classcutlass_1_1transform_1_1threadblock_1_1PredicatedTileAccessIterator_3_01Shape___00_01Elemen9838736ad62fae54213fbaf722a989ab.html': Filename too long
  error: cannot stat 'docs/classcutlass_1_1transform_1_1threadblock_1_1PredicatedTileAccessIterator_3_01Shape___00_01Elemena8341a9325c3f49778eaed47c551850e.html': Filename too long
  error: cannot stat 'docs/classcutlass_1_1transform_1_1threadblock_1_1PredicatedTileAccessIterator_3_01Shape___00_01Elemena9b06926a275b569ee9f7f142604b997.html': Filename too long
  error: cannot stat 'docs/classcutlass_1_1transform_1_1threadblock_1_1PredicatedTileAccessIterator_3_01Shape___00_01Elemenab63a1e105bf37f6371516cb9e2c5a7a.html': Filename too long
  error: cannot stat 'docs/classcutlass_1_1transform_1_1threadblock_1_1PredicatedTileAccessIterator_3_01Shape___00_01Elemenc07b5ec72f83e782121ac629288d61fe.html': Filename too long
  error: cannot stat 'docs/classcutlass_1_1transform_1_1threadblock_1_1PredicatedTileAccessIterator_3_01Shape___00_01Elemend770b8cd1ad441b73d66bc9bda812d63.html': Filename too long
  error: cannot stat 'docs/classcutlass_1_1transform_1_1threadblock_1_1PredicatedTileAccessIterator_3_01Shape___00_01Elemene28e844421b8a8bcfd44613d6581f05b.html': Filename too long
  error: cannot stat 'docs/classcutlass_1_1transform_1_1threadblock_1_1PredicatedTileAccessIterator_3_01Shape___00_01Elemenf150bf96e27b7d14cb6de66901dd2f4d.html': Filename too long
  error: cannot stat 'docs/classcutlass_1_1transform_1_1threadblock_1_1PredicatedTileIterator2dThreadTile_3_01Shape___00_0102e766863c6ac9ec2063a02c4803eecb.html': Filename too long
  error: cannot stat 'docs/classcutlass_1_1transform_1_1threadblock_1_1PredicatedTileIterator2dThreadTile_3_01Shape___00_0133eb0925fe38c979de8394b69685a5df.html': Filename too long
  error: cannot stat 'docs/classcutlass_1_1transform_1_1threadblock_1_1PredicatedTileIterator2dThreadTile_3_01Shape___00_013671177d6219bfeb0e1b4dc4c1b5bf11.html': Filename too long
  error: cannot stat 'docs/classcutlass_1_1transform_1_1threadblock_1_1PredicatedTileIterator2dThreadTile_3_01Shape___00_0145ef045e8f7d57dc718098adcb00cf3d.html': Filename too long
  error: cannot stat 'docs/classcutlass_1_1transform_1_1threadblock_1_1PredicatedTileIterator2dThreadTile_3_01Shape___00_0165b39a630d10785a3558406f9adb99b9.html': Filename too long
  error: cannot stat 'docs/classcutlass_1_1transform_1_1threadblock_1_1PredicatedTileIterator2dThreadTile_3_01Shape___00_017a517f3c73efd795ab05059cc9b111e1.html': Filename too long
  error: cannot stat 'docs/classcutlass_1_1transform_1_1threadblock_1_1PredicatedTileIterator2dThreadTile_3_01Shape___00_0185eef3bfb8e5385c869e25dc77d7e5da.html': Filename too long
  error: cannot stat 'docs/classcutlass_1_1transform_1_1threadblock_1_1PredicatedTileIterator2dThreadTile_3_01Shape___00_018ff345579826efbdeed7bbe25bf9565c.html': Filename too long
  error: cannot stat 'docs/classcutlass_1_1transform_1_1threadblock_1_1PredicatedTileIterator2dThreadTile_3_01Shape___00_01e11ed7192af5d7ad1bce5641fa13112e.html': Filename too long
  error: cannot stat 'docs/classcutlass_1_1transform_1_1threadblock_1_1PredicatedTileIterator2dThreadTile_3_01Shape___00_01f1f7b09761667f6f91a643ded7d0d27c.html': Filename too long
  error: cannot stat 'docs/classcutlass_1_1transform_1_1threadblock_1_1PredicatedTileIterator2dThreadTile_3_01Shape___00_01f89edd83fe995c8e4757b0706a729e1b.html': Filename too long
  error: cannot stat 'docs/classcutlass_1_1transform_1_1threadblock_1_1PredicatedTileIterator2dThreadTile_3_01Shape___00_01fb185fe950b589f42a59721ab79dc124.html': Filename too long
  error: cannot stat 'docs/classcutlass_1_1transform_1_1threadblock_1_1PredicatedTileIterator_3_01Shape___00_01Element___00080941085bb0194af8f2f65a15192e0b.html': Filename too long
  error: cannot stat 'docs/classcutlass_1_1transform_1_1threadblock_1_1PredicatedTileIterator_3_01Shape___00_01Element___0010e951973fa9415dd5e9e2e33dbd5289.html': Filename too long
  error: cannot stat 'docs/classcutlass_1_1transform_1_1threadblock_1_1PredicatedTileIterator_3_01Shape___00_01Element___0041ea81994f8af0d4d071fdb9e66b5ff0.html': Filename too long
  error: cannot stat 'docs/classcutlass_1_1transform_1_1threadblock_1_1PredicatedTileIterator_3_01Shape___00_01Element___00498568456c9d689a9759d3d9b23c26c7.html': Filename too long
  error: cannot stat 'docs/classcutlass_1_1transform_1_1threadblock_1_1PredicatedTileIterator_3_01Shape___00_01Element___004d0f9b5e19c29acc17bcdc360dafebbd.html': Filename too long
  error: cannot stat 'docs/classcutlass_1_1transform_1_1threadblock_1_1PredicatedTileIterator_3_01Shape___00_01Element___0068b3e874b5d93d11f0fa902c7f1d11d9.html': Filename too long
  error: cannot stat 'docs/classcutlass_1_1transform_1_1threadblock_1_1PredicatedTileIterator_3_01Shape___00_01Element___006a5f2f7a8271031e6cdc5daa5441f2af.html': Filename too long
  error: cannot stat 'docs/classcutlass_1_1transform_1_1threadblock_1_1PredicatedTileIterator_3_01Shape___00_01Element___006a6d14c98b70ad1baa69b4493734b326.html': Filename too long
  error: cannot stat 'docs/classcutlass_1_1transform_1_1threadblock_1_1PredicatedTileIterator_3_01Shape___00_01Element___0077835ea35054e4d0771d9d6725bb9085.html': Filename too long
  error: cannot stat 'docs/classcutlass_1_1transform_1_1threadblock_1_1PredicatedTileIterator_3_01Shape___00_01Element___007f87132882da9ec58c786303b28e9471.html': Filename too long
  error: cannot stat 'docs/classcutlass_1_1transform_1_1threadblock_1_1PredicatedTileIterator_3_01Shape___00_01Element___009ae162bdb1617beea32983ed0c15dc12.html': Filename too long
  error: cannot stat 'docs/classcutlass_1_1transform_1_1threadblock_1_1PredicatedTileIterator_3_01Shape___00_01Element___009fd89f6dad84238fd7d63df0a0c0364f.html': Filename too long
  error: cannot stat 'docs/classcutlass_1_1transform_1_1threadblock_1_1PredicatedTileIterator_3_01Shape___00_01Element___00a6b756b1bcfbb35fe4a3e68ff074e380.html': Filename too long
  error: cannot stat 'docs/classcutlass_1_1transform_1_1threadblock_1_1PredicatedTileIterator_3_01Shape___00_01Element___00d670f969180a8d182dffb356ebcc957e.html': Filename too long
  error: cannot stat 'docs/classcutlass_1_1transform_1_1threadblock_1_1PredicatedTileIterator_3_01Shape___00_01Element___00e7c2c404e7aedfe60ad56bb5571306a1.html': Filename too long
  error: cannot stat 'docs/classcutlass_1_1transform_1_1threadblock_1_1PredicatedTileIterator_3_01Shape___00_01Element___00ebd1a63351e1085d0b718582ec7b06c8.html': Filename too long
  error: cannot stat 'docs/classcutlass_1_1transform_1_1threadblock_1_1PredicatedTileIterator_3_01Shape___00_01Element___00ed8b09ab2382d4e8728ddd2a68158934.html': Filename too long
  error: cannot stat 'docs/classcutlass_1_1transform_1_1threadblock_1_1PredicatedTileIterator_3_01Shape___00_01Element___00f5d8ee719cad9052f71bb9bd0fa63021.html': Filename too long
  error: cannot stat 'docs/classcutlass_1_1transform_1_1threadblock_1_1PredicatedTileIterator_3_01Shape___00_01Element___00f6b3a9dfab5e7c72d5233f7e5e6e3b9b.html': Filename too long
  error: cannot stat 'docs/classcutlass_1_1transform_1_1threadblock_1_1PredicatedTileIterator_3_01Shape___00_01Element___00f7b2f5e11bc5aeead1e0502a52c45641.html': Filename too long
  error: cannot stat 'docs/classcutlass_1_1transform_1_1threadblock_1_1RegularTileAccessIterator_3_01Shape___00_01Element__0184b7188941788a96624510a4b2f876.html': Filename too long
  error: cannot stat 'docs/classcutlass_1_1transform_1_1threadblock_1_1RegularTileAccessIterator_3_01Shape___00_01Element__0855e9d9ab619202d2397180c1e4c4a5.html': Filename too long
  error: cannot stat 'docs/classcutlass_1_1transform_1_1threadblock_1_1RegularTileAccessIterator_3_01Shape___00_01Element__213c660dae89d11f257af8ed849b6926.html': Filename too long
  error: cannot stat 'docs/classcutlass_1_1transform_1_1threadblock_1_1RegularTileAccessIterator_3_01Shape___00_01Element__24441807fbf0271dbae4258379c0fad6.html': Filename too long
  error: cannot stat 'docs/classcutlass_1_1transform_1_1threadblock_1_1RegularTileAccessIterator_3_01Shape___00_01Element__29b83d435ddd06700aca12de5506840e.html': Filename too long
  error: cannot stat 'docs/classcutlass_1_1transform_1_1threadblock_1_1RegularTileAccessIterator_3_01Shape___00_01Element__2c1476eaf582bfe972793e17babfe985.html': Filename too long
  error: cannot stat 'docs/classcutlass_1_1transform_1_1threadblock_1_1RegularTileAccessIterator_3_01Shape___00_01Element__402190115c926267caaaf768257c5f78.html': Filename too long
  error: cannot stat 'docs/classcutlass_1_1transform_1_1threadblock_1_1RegularTileAccessIterator_3_01Shape___00_01Element__52b6c173ef31c98d1eaa592790f4c1f8.html': Filename too long
  error: cannot stat 'docs/classcutlass_1_1transform_1_1threadblock_1_1RegularTileAccessIterator_3_01Shape___00_01Element__6baada077236f1a368c61c5e11b45b72.html': Filename too long
  error: cannot stat 'docs/classcutlass_1_1transform_1_1threadblock_1_1RegularTileAccessIterator_3_01Shape___00_01Element__85e80b4f64dfb53cfbfdd5ac1fb09e87.html': Filename too long
  error: cannot stat 'docs/classcutlass_1_1transform_1_1threadblock_1_1RegularTileAccessIterator_3_01Shape___00_01Element__a2cfb07ab83f71c364fb627b83ffc1e3.html': Filename too long
  error: cannot stat 'docs/classcutlass_1_1transform_1_1threadblock_1_1RegularTileAccessIterator_3_01Shape___00_01Element__a3c11cf1f00ef7a1efb8389ac6e4c6e0.html': Filename too long
  error: cannot stat 'docs/classcutlass_1_1transform_1_1threadblock_1_1RegularTileAccessIterator_3_01Shape___00_01Element__b29f42e2659fc97d4580ce9251ffcd45.html': Filename too long
  error: cannot stat 'docs/classcutlass_1_1transform_1_1threadblock_1_1RegularTileAccessIterator_3_01Shape___00_01Element__d9d6aa4390d5c01350a517455e2fc142.html': Filename too long
  error: cannot stat 'docs/classcutlass_1_1transform_1_1threadblock_1_1RegularTileAccessIterator_3_01Shape___00_01Element__e9a9e0f4286f652f55eb9b863b21effe.html': Filename too long
  error: cannot stat 'docs/classcutlass_1_1transform_1_1threadblock_1_1RegularTileAccessIterator_3_01Shape___00_01Element__eb7d20f8b9d69e0ae5e7ef51dc480867.html': Filename too long
  error: cannot stat 'docs/classcutlass_1_1transform_1_1threadblock_1_1RegularTileAccessIterator_3_01Shape___00_01Element__ebf4714349612673e8b6609b763eeb6f.html': Filename too long
  error: cannot stat 'docs/classcutlass_1_1transform_1_1threadblock_1_1RegularTileAccessIterator_3_01Shape___00_01Element__f04332958a49a47d6fb2b25201764630.html': Filename too long
  error: cannot stat 'docs/classcutlass_1_1transform_1_1threadblock_1_1RegularTileIterator2dThreadTile_3_01Shape___00_01Ele654c8f6161ae5340f040397a4e2e045c.html': Filename too long
  error: cannot stat 'docs/classcutlass_1_1transform_1_1threadblock_1_1RegularTileIterator2dThreadTile_3_01Shape___00_01Ele735fe47e284db3d2e21eb1518e7154ee.html': Filename too long
  error: cannot stat 'docs/classcutlass_1_1transform_1_1threadblock_1_1RegularTileIterator2dThreadTile_3_01Shape___00_01Ele76ed82829532ae1c17f4c78158f036c7.html': Filename too long
  error: cannot stat 'docs/classcutlass_1_1transform_1_1threadblock_1_1RegularTileIterator2dThreadTile_3_01Shape___00_01Elead389e8a36933949f1d1980ebbf28757.html': Filename too long
  error: cannot stat 'docs/classcutlass_1_1transform_1_1threadblock_1_1RegularTileIterator2dThreadTile_3_01Shape___00_01Eleb60d066756d1c18f05fceee6a27bdb8a.html': Filename too long
  error: cannot stat 'docs/classcutlass_1_1transform_1_1threadblock_1_1RegularTileIterator2dThreadTile_3_01Shape___00_01Elecdd8cf264ca413a002d04e558552ed0e.html': Filename too long
  error: cannot stat 'docs/classcutlass_1_1transform_1_1threadblock_1_1RegularTileIterator_3_01Shape___00_01Element___00_0104ad31bd559a88cc418ae1cab7492ed5.html': Filename too long
  error: cannot stat 'docs/classcutlass_1_1transform_1_1threadblock_1_1RegularTileIterator_3_01Shape___00_01Element___00_010889a732373c350de9b9a9f6c13cd761.html': Filename too long
  error: cannot stat 'docs/classcutlass_1_1transform_1_1threadblock_1_1RegularTileIterator_3_01Shape___00_01Element___00_01187f8574e1fe9d7d5e8fbf09bd834bf0.html': Filename too long
  error: cannot stat 'docs/classcutlass_1_1transform_1_1threadblock_1_1RegularTileIterator_3_01Shape___00_01Element___00_011d3637dbd8bc58bcb020b51bf57fbfc0.html': Filename too long
  error: cannot stat 'docs/classcutlass_1_1transform_1_1threadblock_1_1RegularTileIterator_3_01Shape___00_01Element___00_012f9d4bd842629f7d675732247bcc1357.html': Filename too long
  error: cannot stat 'docs/classcutlass_1_1transform_1_1threadblock_1_1RegularTileIterator_3_01Shape___00_01Element___00_01330cb2d847cdbf495059d201f3e0ee3a.html': Filename too long
  error: cannot stat 'docs/classcutlass_1_1transform_1_1threadblock_1_1RegularTileIterator_3_01Shape___00_01Element___00_01362d1c9ae17630d1c17a1615e68afa80.html': Filename too long
  error: cannot stat 'docs/classcutlass_1_1transform_1_1threadblock_1_1RegularTileIterator_3_01Shape___00_01Element___00_013a5ea9a174fff627cdcbd801f51281b7.html': Filename too long
  error: cannot stat 'docs/classcutlass_1_1transform_1_1threadblock_1_1RegularTileIterator_3_01Shape___00_01Element___00_013cae8c66b6ce08eb63e9fb0780f3a8c8.html': Filename too long
  error: cannot stat 'docs/classcutlass_1_1transform_1_1threadblock_1_1RegularTileIterator_3_01Shape___00_01Element___00_0149454d361ea5885cf5166a920b5145df.html': Filename too long
  error: cannot stat 'docs/classcutlass_1_1transform_1_1threadblock_1_1RegularTileIterator_3_01Shape___00_01Element___00_01642d01eef37fa16be616cb8f5b8097a3.html': Filename too long
  error: cannot stat 'docs/classcutlass_1_1transform_1_1threadblock_1_1RegularTileIterator_3_01Shape___00_01Element___00_016648f777c9d2dbab1ef78c666fcf74b4.html': Filename too long
  error: cannot stat 'docs/classcutlass_1_1transform_1_1threadblock_1_1RegularTileIterator_3_01Shape___00_01Element___00_01793f74bfd8f116a827948ab01a37349a.html': Filename too long
  error: cannot stat 'docs/classcutlass_1_1transform_1_1threadblock_1_1RegularTileIterator_3_01Shape___00_01Element___00_017982f81d4ef592e19c8427de2ea933a3.html': Filename too long
  error: cannot stat 'docs/classcutlass_1_1transform_1_1threadblock_1_1RegularTileIterator_3_01Shape___00_01Element___00_0184a89653916f5d51ab59d1b386989a17.html': Filename too long
  error: cannot stat 'docs/classcutlass_1_1transform_1_1threadblock_1_1RegularTileIterator_3_01Shape___00_01Element___00_018b93ffa09fd2e459d73524c0d12a4837.html': Filename too long
  error: cannot stat 'docs/classcutlass_1_1transform_1_1threadblock_1_1RegularTileIterator_3_01Shape___00_01Element___00_018d66e3d8188cb0463f1545f89b58769b.html': Filename too long
  error: cannot stat 'docs/classcutlass_1_1transform_1_1threadblock_1_1RegularTileIterator_3_01Shape___00_01Element___00_019159d0ec80fd88e0f6c4de44978da1ad.html': Filename too long
  error: cannot stat 'docs/classcutlass_1_1transform_1_1threadblock_1_1RegularTileIterator_3_01Shape___00_01Element___00_0197fef2242a3454a7d1cebe61aee28b43.html': Filename too long
  error: cannot stat 'docs/classcutlass_1_1transform_1_1threadblock_1_1RegularTileIterator_3_01Shape___00_01Element___00_019ee1429da69883e567d375e27490e28e.html': Filename too long
  error: cannot stat 'docs/classcutlass_1_1transform_1_1threadblock_1_1RegularTileIterator_3_01Shape___00_01Element___00_01a31b454d9c930525c1e9ca406a514f40.html': Filename too long
  error: cannot stat 'docs/classcutlass_1_1transform_1_1threadblock_1_1RegularTileIterator_3_01Shape___00_01Element___00_01a75d2cd74e722d6ad6a3b41aabfd432d.html': Filename too long
  error: cannot stat 'docs/classcutlass_1_1transform_1_1threadblock_1_1RegularTileIterator_3_01Shape___00_01Element___00_01afef766ff169b7e3893ce73e5a54c7d8.html': Filename too long
  error: cannot stat 'docs/classcutlass_1_1transform_1_1threadblock_1_1RegularTileIterator_3_01Shape___00_01Element___00_01b3fa5720e807697de61b9f937b269cd0.html': Filename too long
  error: cannot stat 'docs/classcutlass_1_1transform_1_1threadblock_1_1RegularTileIterator_3_01Shape___00_01Element___00_01ba3cdd330cbe23d59be67495b2e75efb.html': Filename too long
  error: cannot stat 'docs/classcutlass_1_1transform_1_1threadblock_1_1RegularTileIterator_3_01Shape___00_01Element___00_01bc13f671a1c59ed6f2172925532cd35e.html': Filename too long
  error: cannot stat 'docs/classcutlass_1_1transform_1_1threadblock_1_1RegularTileIterator_3_01Shape___00_01Element___00_01bc82bbd3b6983e0c6f0ae466d180afcc.html': Filename too long
  error: cannot stat 'docs/classcutlass_1_1transform_1_1threadblock_1_1RegularTileIterator_3_01Shape___00_01Element___00_01bd31b3810c1fedf2e7e5959ff92b5d3d.html': Filename too long
  error: cannot stat 'docs/classcutlass_1_1transform_1_1threadblock_1_1RegularTileIterator_3_01Shape___00_01Element___00_01c20d35180520077a5a09b1e33543c1a5.html': Filename too long
  error: cannot stat 'docs/classcutlass_1_1transform_1_1threadblock_1_1RegularTileIterator_3_01Shape___00_01Element___00_01d4483ed08587e929d7b0c6a8962d4447.html': Filename too long
  error: cannot stat 'docs/classcutlass_1_1transform_1_1threadblock_1_1RegularTileIterator_3_01Shape___00_01Element___00_01d997c3a11a0d7dc37d7d50feed0cfc16.html': Filename too long
  error: cannot stat 'docs/classcutlass_1_1transform_1_1threadblock_1_1RegularTileIterator_3_01Shape___00_01Element___00_01dbd6b8468d5bd787308d2f615a24d123.html': Filename too long
  error: cannot stat 'docs/classcutlass_1_1transform_1_1threadblock_1_1RegularTileIterator_3_01Shape___00_01Element___00_01e0fd04345128a28d88cb94a28a569400.html': Filename too long
  error: cannot stat 'docs/classcutlass_1_1transform_1_1threadblock_1_1RegularTileIterator_3_01Shape___00_01Element___00_01efd5013a2503d6567e2bf6b40c97360c.html': Filename too long
  error: cannot stat 'docs/classcutlass_1_1transform_1_1threadblock_1_1RegularTileIterator_3_01Shape___00_01Element___00_01f6f6511b5033cad31083644ac69c54d8.html': Filename too long
  error: cannot stat 'docs/classcutlass_1_1transform_1_1threadblock_1_1RegularTileIterator_3_01Shape___00_01Element___00_01f96bbeb63e6d4ce4a2551279de3a9f0e.html': Filename too long
  error: cannot stat 'docs/structcutlass_1_1NumericArrayConverter_3_01half__t_00_01float_00_012_00_01FloatRoundStyle_1_1round__to__nearest_01_4-members.html': Filename too long
  error: cannot stat 'docs/structcutlass_1_1NumericArrayConverter_3_01half__t_00_01float_00_012_00_01FloatRoundStyle_1_1round__to__nearest_01_4.html': Filename too long
  error: cannot stat 'docs/structcutlass_1_1NumericConverter_3_01half__t_00_01float_00_01FloatRoundStyle_1_1round__toward__zero_01_4-members.html': Filename too long
  error: cannot stat 'docs/structcutlass_1_1arch_1_1Mma_3_01gemm_1_1GemmShape_3_0116_00_0116_00_014_01_4_00_0132_00_01half_0bcc4d05f9811035f08cc1b7f0154a4d.html': Filename too long
  error: cannot stat 'docs/structcutlass_1_1arch_1_1Mma_3_01gemm_1_1GemmShape_3_0116_00_0116_00_014_01_4_00_0132_00_01half_ae0044daf80ba9fd16cab7f0051f1fde.md5': Filename too long
  error: cannot stat 'docs/structcutlass_1_1arch_1_1Mma_3_01gemm_1_1GemmShape_3_0116_00_0116_00_014_01_4_00_0132_00_01half_e01aa2e557b893ec75f43c473a7e2298.html': Filename too long
  error: cannot stat 'docs/structcutlass_1_1arch_1_1Mma_3_01gemm_1_1GemmShape_3_0116_00_0116_00_014_01_4_00_0132_00_01half_f064fdf1faf580060072347f2c48dda7.md5': Filename too long
  error: cannot stat 'docs/structcutlass_1_1arch_1_1Mma_3_01gemm_1_1GemmShape_3_0116_00_018_00_018_01_4_00_0132_00_01half__02a3f19a78995f97d793a668e0e4d4f0.html': Filename too long
  error: cannot stat 'docs/structcutlass_1_1arch_1_1Mma_3_01gemm_1_1GemmShape_3_0116_00_018_00_018_01_4_00_0132_00_01half__4fea29912f54a07d7b3a1f18094a4162.html': Filename too long
  error: cannot stat 'docs/structcutlass_1_1arch_1_1Mma_3_01gemm_1_1GemmShape_3_0116_00_018_00_018_01_4_00_0132_00_01half__6997b5a0687b06c1dc11ece72f57e04d.html': Filename too long
  error: cannot stat 'docs/structcutlass_1_1arch_1_1Mma_3_01gemm_1_1GemmShape_3_0116_00_018_00_018_01_4_00_0132_00_01half__96363097c47b056f0ca1911afd7f8b7a.html': Filename too long
  error: cannot stat 'docs/structcutlass_1_1arch_1_1Mma_3_01gemm_1_1GemmShape_3_011_00_011_00_011_01_4_00_011_00_01ElementAb13e13b2cc3bff17e7d9b004314a4d2f.html': Filename too long
  error: cannot stat 'docs/structcutlass_1_1arch_1_1Mma_3_01gemm_1_1GemmShape_3_011_00_011_00_011_01_4_00_011_00_01ElementAb6e65b2cf5ede7f41cb070a767158dee.html': Filename too long
  error: cannot stat 'docs/structcutlass_1_1arch_1_1Mma_3_01gemm_1_1GemmShape_3_011_00_011_00_011_01_4_00_011_00_01complex_0a4e7894a173a90c4c8a848e15443dd6.html': Filename too long
  error: cannot stat 'docs/structcutlass_1_1arch_1_1Mma_3_01gemm_1_1GemmShape_3_011_00_011_00_011_01_4_00_011_00_01complex_30fa42e1ad201df010637cd22fc070a1.html': Filename too long
  error: cannot stat 'docs/structcutlass_1_1arch_1_1Mma_3_01gemm_1_1GemmShape_3_011_00_011_00_011_01_4_00_011_00_01complex_48b3a43bc03fff93a111ac01abe7e40d.html': Filename too long
  error: cannot stat 'docs/structcutlass_1_1arch_1_1Mma_3_01gemm_1_1GemmShape_3_011_00_011_00_011_01_4_00_011_00_01complex_76f9d24016e1b4167b16f4d7628c9546.html': Filename too long
  error: cannot stat 'docs/structcutlass_1_1arch_1_1Mma_3_01gemm_1_1GemmShape_3_011_00_011_00_011_01_4_00_011_00_01complex_79ecb4a44f8744132619f70250e841f1.html': Filename too long
  error: cannot stat 'docs/structcutlass_1_1arch_1_1Mma_3_01gemm_1_1GemmShape_3_011_00_011_00_011_01_4_00_011_00_01complex_9a2c5a3f3ee674fa357dabc2a7291efb.html': Filename too long
  error: cannot stat 'docs/structcutlass_1_1arch_1_1Mma_3_01gemm_1_1GemmShape_3_011_00_011_00_011_01_4_00_011_00_01complex_a166f31c8e14fb2406c5abe3e6468fe0.html': Filename too long
  error: cannot stat 'docs/structcutlass_1_1arch_1_1Mma_3_01gemm_1_1GemmShape_3_011_00_011_00_011_01_4_00_011_00_01complex_f1c9d2ee842455cd0c5b71d56108d468.html': Filename too long
  error: cannot stat 'docs/structcutlass_1_1arch_1_1Mma_3_01gemm_1_1GemmShape_3_011_00_011_00_011_01_4_00_011_00_01double_044bdc8c1d710104533d255adabd276dc.html': Filename too long
  error: cannot stat 'docs/structcutlass_1_1arch_1_1Mma_3_01gemm_1_1GemmShape_3_011_00_011_00_011_01_4_00_011_00_01double_070b94670e040ed5855e5b42d5ca8a443.html': Filename too long
  error: cannot stat 'docs/structcutlass_1_1arch_1_1Mma_3_01gemm_1_1GemmShape_3_011_00_011_00_011_01_4_00_011_00_01double_0aa57e6a2e6b5da37d10688bf99419a23.html': Filename too long
  error: cannot stat 'docs/structcutlass_1_1arch_1_1Mma_3_01gemm_1_1GemmShape_3_011_00_011_00_011_01_4_00_011_00_01double_0e9de4e141d6bff0ca93f3c42e86e80ce.html': Filename too long
  error: cannot stat 'docs/structcutlass_1_1arch_1_1Mma_3_01gemm_1_1GemmShape_3_011_00_011_00_011_01_4_00_011_00_01float_004bb3fd76ca2af7b3210676fa9644d95b.html': Filename too long
  error: cannot stat 'docs/structcutlass_1_1arch_1_1Mma_3_01gemm_1_1GemmShape_3_011_00_011_00_011_01_4_00_011_00_01float_00a0ac6b0d215d4ed4d6d321752b92707d.html': Filename too long
  error: cannot stat 'docs/structcutlass_1_1arch_1_1Mma_3_01gemm_1_1GemmShape_3_011_00_011_00_011_01_4_00_011_00_01float_00ca85efee0ebb14556bfdbe5191960805.html': Filename too long
  error: cannot stat 'docs/structcutlass_1_1arch_1_1Mma_3_01gemm_1_1GemmShape_3_011_00_011_00_011_01_4_00_011_00_01float_00e3e12e263df6506b8cf06c3f4d478b8e.html': Filename too long
  error: cannot stat 'docs/structcutlass_1_1arch_1_1Mma_3_01gemm_1_1GemmShape_3_011_00_011_00_011_01_4_00_011_00_01half__t_21792e1a5c20e3dff890e35812831335.html': Filename too long
  error: cannot stat 'docs/structcutlass_1_1arch_1_1Mma_3_01gemm_1_1GemmShape_3_011_00_011_00_011_01_4_00_011_00_01half__t_4f30ee91f7bb3844ff7579c68d078818.html': Filename too long
  error: cannot stat 'docs/structcutlass_1_1arch_1_1Mma_3_01gemm_1_1GemmShape_3_011_00_011_00_011_01_4_00_011_00_01int_00_00b2dff9ce8caad9aff5bc6a355539161.html': Filename too long
  error: cannot stat 'docs/structcutlass_1_1arch_1_1Mma_3_01gemm_1_1GemmShape_3_011_00_011_00_011_01_4_00_011_00_01int_00_00e09665ee92ae653939a9120c4351f2f.html': Filename too long
  error: cannot stat 'docs/structcutlass_1_1arch_1_1Mma_3_01gemm_1_1GemmShape_3_011_00_011_00_012_01_4_00_011_00_01int16__t3dda54d0df2c21b051e222cddd982e9b.html': Filename too long
  error: cannot stat 'docs/structcutlass_1_1arch_1_1Mma_3_01gemm_1_1GemmShape_3_011_00_011_00_012_01_4_00_011_00_01int16__t8c4bac365710598317a69c489f7239db.html': Filename too long
  error: cannot stat 'docs/structcutlass_1_1arch_1_1Mma_3_01gemm_1_1GemmShape_3_011_00_011_00_014_01_4_00_011_00_01int8__t_86807694aea1b966dc9ae0bc9a22ac33.html': Filename too long
  error: cannot stat 'docs/structcutlass_1_1arch_1_1Mma_3_01gemm_1_1GemmShape_3_011_00_011_00_014_01_4_00_011_00_01int8__t_a1ef6624fc8c10126f17f4ee88283d72.html': Filename too long
  error: cannot stat 'docs/structcutlass_1_1arch_1_1Mma_3_01gemm_1_1GemmShape_3_011_00_012_00_011_01_4_00_011_00_01half__t_7fbbb0aa08907075ded7a905cabe1d97.html': Filename too long
  error: cannot stat 'docs/structcutlass_1_1arch_1_1Mma_3_01gemm_1_1GemmShape_3_011_00_012_00_011_01_4_00_011_00_01half__t_f3dc2e59f857ada163d1e0781ea8f391.html': Filename too long
  error: cannot stat 'docs/structcutlass_1_1arch_1_1Mma_3_01gemm_1_1GemmShape_3_012_00_011_00_011_01_4_00_011_00_01half__t_8cf78649807b93684f3d431bfa34ee28.html': Filename too long
  error: cannot stat 'docs/structcutlass_1_1arch_1_1Mma_3_01gemm_1_1GemmShape_3_012_00_011_00_011_01_4_00_011_00_01half__t_e8853112b7d418aa02cf5f6b1b6348a1.html': Filename too long
  error: cannot stat 'docs/structcutlass_1_1arch_1_1Mma_3_01gemm_1_1GemmShape_3_012_00_012_00_011_01_4_00_011_00_01half__t_39c3b5f2ce80d79365e55c86a34c60c4.html': Filename too long
  error: cannot stat 'docs/structcutlass_1_1arch_1_1Mma_3_01gemm_1_1GemmShape_3_012_00_012_00_011_01_4_00_011_00_01half__t_9110caf9fa4e6fed12e73aa4912e9b01.html': Filename too long
  error: cannot stat 'docs/structcutlass_1_1arch_1_1Mma_3_01gemm_1_1GemmShape_3_012_00_012_00_011_01_4_00_011_00_01half__t_c07cc6439298fa5486a719e577be2538.html': Filename too long
  error: cannot stat 'docs/structcutlass_1_1arch_1_1Mma_3_01gemm_1_1GemmShape_3_012_00_012_00_011_01_4_00_011_00_01half__t_ccde11d1bbbdab3702772ce44eb9729a.html': Filename too long
  error: cannot stat 'docs/structcutlass_1_1arch_1_1Mma_3_01gemm_1_1GemmShape_3_018_00_018_00_01128_01_4_00_0132_00_01uint15918972b95027764b3a849b03075ed2b.html': Filename too long
  error: cannot stat 'docs/structcutlass_1_1arch_1_1Mma_3_01gemm_1_1GemmShape_3_018_00_018_00_01128_01_4_00_0132_00_01uint193e4529ff6509d9dffe61a902bae1f87.html': Filename too long
  error: cannot stat 'docs/structcutlass_1_1arch_1_1Mma_3_01gemm_1_1GemmShape_3_018_00_018_00_0116_01_4_00_0132_00_01int8__2b08bf7357f4869709a6071c15462437.html': Filename too long
  error: cannot stat 'docs/structcutlass_1_1arch_1_1Mma_3_01gemm_1_1GemmShape_3_018_00_018_00_0116_01_4_00_0132_00_01int8__5299c9c90c8f2f521be0c8cec1c3eb08.html': Filename too long
  error: cannot stat 'docs/structcutlass_1_1arch_1_1Mma_3_01gemm_1_1GemmShape_3_018_00_018_00_0116_01_4_00_0132_00_01int8__7f429ceaeab349f61850839f58246c62.html': Filename too long
  error: cannot stat 'docs/structcutlass_1_1arch_1_1Mma_3_01gemm_1_1GemmShape_3_018_00_018_00_0116_01_4_00_0132_00_01int8__8ebae0cbdf333fddfe5c24d35ebe8e02.html': Filename too long
  error: cannot stat 'docs/structcutlass_1_1arch_1_1Mma_3_01gemm_1_1GemmShape_3_018_00_018_00_0116_01_4_00_0132_00_01int8__927179f46017ea5f58f859f1196c4829.html': Filename too long
  error: cannot stat 'docs/structcutlass_1_1arch_1_1Mma_3_01gemm_1_1GemmShape_3_018_00_018_00_0116_01_4_00_0132_00_01int8__96070083128b01fff1ff03d9341232b2.html': Filename too long
  error: cannot stat 'docs/structcutlass_1_1arch_1_1Mma_3_01gemm_1_1GemmShape_3_018_00_018_00_0116_01_4_00_0132_00_01int8__a2362f92eed5bed99180572b30aba1e8.html': Filename too long
  error: cannot stat 'docs/structcutlass_1_1arch_1_1Mma_3_01gemm_1_1GemmShape_3_018_00_018_00_0116_01_4_00_0132_00_01int8__f083347e265b1e9eea5572d86ddb6bf9.html': Filename too long
  error: cannot stat 'docs/structcutlass_1_1arch_1_1Mma_3_01gemm_1_1GemmShape_3_018_00_018_00_0116_01_4_00_0132_00_01uint8_303afb481b5f876ceb31af6f80d5b554.html': Filename too long
  error: cannot stat 'docs/structcutlass_1_1arch_1_1Mma_3_01gemm_1_1GemmShape_3_018_00_018_00_0116_01_4_00_0132_00_01uint8_5221708cec5828d35db1d1c47cb4964e.html': Filename too long
  error: cannot stat 'docs/structcutlass_1_1arch_1_1Mma_3_01gemm_1_1GemmShape_3_018_00_018_00_0116_01_4_00_0132_00_01uint8_5f42559672a849e95863771a68af69f1.html': Filename too long
  error: cannot stat 'docs/structcutlass_1_1arch_1_1Mma_3_01gemm_1_1GemmShape_3_018_00_018_00_0116_01_4_00_0132_00_01uint8_6479c01385ff06e7ae8b33a11f823c98.html': Filename too long
  error: cannot stat 'docs/structcutlass_1_1arch_1_1Mma_3_01gemm_1_1GemmShape_3_018_00_018_00_0116_01_4_00_0132_00_01uint8_a62aa63a212985df306fb27e8a50aeae.html': Filename too long
  error: cannot stat 'docs/structcutlass_1_1arch_1_1Mma_3_01gemm_1_1GemmShape_3_018_00_018_00_0116_01_4_00_0132_00_01uint8_ab741d81fdc991345cb9e43c29fca573.html': Filename too long
  error: cannot stat 'docs/structcutlass_1_1arch_1_1Mma_3_01gemm_1_1GemmShape_3_018_00_018_00_0116_01_4_00_0132_00_01uint8_ba813b2739e79cfa98433a99a00eaf46.html': Filename too long
  error: cannot stat 'docs/structcutlass_1_1arch_1_1Mma_3_01gemm_1_1GemmShape_3_018_00_018_00_0116_01_4_00_0132_00_01uint8_bef0c048bc0f8ba2d875cb7ab26d363b.html': Filename too long
  error: cannot stat 'docs/structcutlass_1_1arch_1_1Mma_3_01gemm_1_1GemmShape_3_018_00_018_00_0132_01_4_00_0132_00_01int4b_0ee08a4520882d24ba9026879265e892.html': Filename too long
  error: cannot stat 'docs/structcutlass_1_1arch_1_1Mma_3_01gemm_1_1GemmShape_3_018_00_018_00_0132_01_4_00_0132_00_01int4b_3c87ec4ca9f646f0bf0bead0e5cf262c.html': Filename too long
  error: cannot stat 'docs/structcutlass_1_1arch_1_1Mma_3_01gemm_1_1GemmShape_3_018_00_018_00_0132_01_4_00_0132_00_01int4b_4746fc55e614df0016c518d3fda2677e.html': Filename too long
  error: cannot stat 'docs/structcutlass_1_1arch_1_1Mma_3_01gemm_1_1GemmShape_3_018_00_018_00_0132_01_4_00_0132_00_01int4b_546e9ec6de6a5970b326da6f6280f1d4.html': Filename too long
  error: cannot stat 'docs/structcutlass_1_1arch_1_1Mma_3_01gemm_1_1GemmShape_3_018_00_018_00_0132_01_4_00_0132_00_01int4b_6e513ccbc44ae7909a60d93b9b5435b3.html': Filename too long
  error: cannot stat 'docs/structcutlass_1_1arch_1_1Mma_3_01gemm_1_1GemmShape_3_018_00_018_00_0132_01_4_00_0132_00_01int4b_b4842cad42fe945980d6229487761771.html': Filename too long
  error: cannot stat 'docs/structcutlass_1_1arch_1_1Mma_3_01gemm_1_1GemmShape_3_018_00_018_00_0132_01_4_00_0132_00_01int4b_ba87b3ef93a089f45a272d916916236d.html': Filename too long
  error: cannot stat 'docs/structcutlass_1_1arch_1_1Mma_3_01gemm_1_1GemmShape_3_018_00_018_00_0132_01_4_00_0132_00_01int4b_fb9487231025d1903fd4f0dbf859e253.html': Filename too long
  error: cannot stat 'docs/structcutlass_1_1arch_1_1Mma_3_01gemm_1_1GemmShape_3_018_00_018_00_0132_01_4_00_0132_00_01uint4b03e3b50dbcb30d0d1ac062f3a9d5abef.html': Filename too long
  error: cannot stat 'docs/structcutlass_1_1arch_1_1Mma_3_01gemm_1_1GemmShape_3_018_00_018_00_0132_01_4_00_0132_00_01uint4b0f8247022b39cc775caff7857c35b56d.html': Filename too long
  error: cannot stat 'docs/structcutlass_1_1arch_1_1Mma_3_01gemm_1_1GemmShape_3_018_00_018_00_0132_01_4_00_0132_00_01uint4b451d5cf5d7e8cbbe476afe3dab5c09b2.html': Filename too long
  error: cannot stat 'docs/structcutlass_1_1arch_1_1Mma_3_01gemm_1_1GemmShape_3_018_00_018_00_0132_01_4_00_0132_00_01uint4b64e22ea4b915e39f2f60a70b62dcc673.html': Filename too long
  error: cannot stat 'docs/structcutlass_1_1arch_1_1Mma_3_01gemm_1_1GemmShape_3_018_00_018_00_0132_01_4_00_0132_00_01uint4b6d968039dde5c9f062ab15f90a8049fe.html': Filename too long
  error: cannot stat 'docs/structcutlass_1_1arch_1_1Mma_3_01gemm_1_1GemmShape_3_018_00_018_00_0132_01_4_00_0132_00_01uint4bc4b6ba004e25c44bfd9266c61f937dfb.html': Filename too long
  error: cannot stat 'docs/structcutlass_1_1arch_1_1Mma_3_01gemm_1_1GemmShape_3_018_00_018_00_0132_01_4_00_0132_00_01uint4bc68104664ee4c0c391c6df22b1ca8bba.html': Filename too long
  error: cannot stat 'docs/structcutlass_1_1arch_1_1Mma_3_01gemm_1_1GemmShape_3_018_00_018_00_0132_01_4_00_0132_00_01uint4bdd617edb43bc65ebc3f680e48fe9a1d5.html': Filename too long
  error: cannot stat 'docs/structcutlass_1_1arch_1_1Mma_3_01gemm_1_1GemmShape_3_018_00_018_00_014_01_4_00_018_00_01half__t_1bb2e5f77f790852abba777515da1b98.html': Filename too long
  error: cannot stat 'docs/structcutlass_1_1arch_1_1Mma_3_01gemm_1_1GemmShape_3_018_00_018_00_014_01_4_00_018_00_01half__t_2d559ae99ed058d77e22f2d26b3dd474.html': Filename too long
  error: cannot stat 'docs/structcutlass_1_1arch_1_1Mma_3_01gemm_1_1GemmShape_3_018_00_018_00_014_01_4_00_018_00_01half__t_31defda8ea2b7d855642ffd77da1a411.html': Filename too long
  error: cannot stat 'docs/structcutlass_1_1arch_1_1Mma_3_01gemm_1_1GemmShape_3_018_00_018_00_014_01_4_00_018_00_01half__t_44a3b2a8df88a2b067f1284515cb5371.html': Filename too long
  error: cannot stat 'docs/structcutlass_1_1arch_1_1Mma_3_01gemm_1_1GemmShape_3_018_00_018_00_014_01_4_00_018_00_01half__t_4b7308177b308a272c1889fbe9670275.html': Filename too long
  error: cannot stat 'docs/structcutlass_1_1arch_1_1Mma_3_01gemm_1_1GemmShape_3_018_00_018_00_014_01_4_00_018_00_01half__t_5a9888862cebd333ecaf11f7262f77d4.html': Filename too long
  error: cannot stat 'docs/structcutlass_1_1arch_1_1Mma_3_01gemm_1_1GemmShape_3_018_00_018_00_014_01_4_00_018_00_01half__t_5a993f7e52584c39076147af4505c439.html': Filename too long
  error: cannot stat 'docs/structcutlass_1_1arch_1_1Mma_3_01gemm_1_1GemmShape_3_018_00_018_00_014_01_4_00_018_00_01half__t_73d9802d6b944a5299bc255887db6bbc.html': Filename too long
  error: cannot stat 'docs/structcutlass_1_1arch_1_1Mma_3_01gemm_1_1GemmShape_3_018_00_018_00_014_01_4_00_018_00_01half__t_7dfde6c9b18b9888b3900080f3bee151.html': Filename too long
  error: cannot stat 'docs/structcutlass_1_1arch_1_1Mma_3_01gemm_1_1GemmShape_3_018_00_018_00_014_01_4_00_018_00_01half__t_839a7c8bb938d1661f4611e68f85d8cb.html': Filename too long
  error: cannot stat 'docs/structcutlass_1_1arch_1_1Mma_3_01gemm_1_1GemmShape_3_018_00_018_00_014_01_4_00_018_00_01half__t_8c75b568d2509e87b439a0eecc9b1656.html': Filename too long
  error: cannot stat 'docs/structcutlass_1_1arch_1_1Mma_3_01gemm_1_1GemmShape_3_018_00_018_00_014_01_4_00_018_00_01half__t_a8a8547a07d55daa1da249db3ae19c34.html': Filename too long
  error: cannot stat 'docs/structcutlass_1_1arch_1_1Mma_3_01gemm_1_1GemmShape_3_018_00_018_00_014_01_4_00_018_00_01half__t_b0242d7a01097510effbc4718040d3e5.html': Filename too long
  error: cannot stat 'docs/structcutlass_1_1arch_1_1Mma_3_01gemm_1_1GemmShape_3_018_00_018_00_014_01_4_00_018_00_01half__t_c7f88bfd32a544fba8111d2dcadeab11.html': Filename too long
  error: cannot stat 'docs/structcutlass_1_1arch_1_1Mma_3_01gemm_1_1GemmShape_3_018_00_018_00_014_01_4_00_018_00_01half__t_dcd30e5a5680a0a5c8cff2896111c9eb.html': Filename too long
  error: cannot stat 'docs/structcutlass_1_1arch_1_1Mma_3_01gemm_1_1GemmShape_3_018_00_018_00_014_01_4_00_018_00_01half__t_fed5cb7f8411f56c4d17a6d4d9ab09cc.html': Filename too long
  error: cannot stat 'docs/structcutlass_1_1arch_1_1Wmma_3_01Shape___00_01cutlass_1_1half__t_00_01LayoutA___00_01cutlass_1_84e30c8cc93eeb7ca02f651bd16d4c38.html': Filename too long
  error: cannot stat 'docs/structcutlass_1_1arch_1_1Wmma_3_01Shape___00_01cutlass_1_1int4b__t_00_01LayoutA___00_01cutlass_16fd808a90b3cf9d7cfc99f30888ca3fe.html': Filename too long
  error: cannot stat 'docs/structcutlass_1_1arch_1_1Wmma_3_01Shape___00_01cutlass_1_1uint1b__t_00_01LayoutA___00_01cutlass_c80a7ea4d219cd9b13b560b493338028.html': Filename too long
  error: cannot stat 'docs/structcutlass_1_1arch_1_1Wmma_3_01Shape___00_01int8__t_00_01LayoutA___00_01int8__t_00_01LayoutB_505c57bb6818a941dc16f00cf35a9ec0.html': Filename too long
  error: cannot stat 'docs/structcutlass_1_1arch_1_1Wmma_3_01Shape___00_01uint8__t_00_01LayoutA___00_01uint8__t_00_01Layout219a464a1248ebfc37aa29bcb10cb1b0.html': Filename too long
  error: cannot stat 'docs/structcutlass_1_1epilogue_1_1thread_1_1LinearCombinationRelu_3_01ElementOutput___00_01Count_00_00274a94522c46cd041d0b10d484e2ef3.html': Filename too long
  error: cannot stat 'docs/structcutlass_1_1epilogue_1_1thread_1_1LinearCombinationRelu_3_01ElementOutput___00_01Count_00_0e626b08ab2558da5b9459d2466940481.html': Filename too long
  error: cannot stat 'docs/structcutlass_1_1epilogue_1_1threadblock_1_1DefaultThreadMapVoltaTensorOp_3_01ThreadblockShape__364315d2ac90dbb16106f0356bdbccd6.html': Filename too long
  error: cannot stat 'docs/structcutlass_1_1epilogue_1_1threadblock_1_1DefaultThreadMapVoltaTensorOp_3_01ThreadblockShape__4433cc988100e98097a748d2670fb0fc.html': Filename too long
  error: cannot stat 'docs/structcutlass_1_1epilogue_1_1threadblock_1_1DefaultThreadMapVoltaTensorOp_3_01ThreadblockShape__52116c60c62f0fd520071558e42b814f.html': Filename too long
  error: cannot stat 'docs/structcutlass_1_1epilogue_1_1threadblock_1_1DefaultThreadMapVoltaTensorOp_3_01ThreadblockShape__955da2dc7e407f84277f5d1f97180cdf.html': Filename too long
  error: cannot stat 'docs/structcutlass_1_1epilogue_1_1threadblock_1_1DefaultThreadMapVoltaTensorOp_3_01ThreadblockShape__95db04b7b72e34283958bd7fbf851d16.html': Filename too long
  error: cannot stat 'docs/structcutlass_1_1epilogue_1_1threadblock_1_1DefaultThreadMapVoltaTensorOp_3_01ThreadblockShape__d293d298f2a882a1f0cd746a16f0e9e0.html': Filename too long
  error: cannot stat 'docs/structcutlass_1_1epilogue_1_1threadblock_1_1DefaultThreadMapVoltaTensorOp_3_01ThreadblockShape__d3d67c61c92960b2b5d6f66acb83afd8.html': Filename too long
  error: cannot stat 'docs/structcutlass_1_1epilogue_1_1threadblock_1_1DefaultThreadMapVoltaTensorOp_3_01ThreadblockShape__d58c94abc36b7c5c109b55202c6992e7.html': Filename too long
  error: cannot stat 'docs/structcutlass_1_1epilogue_1_1threadblock_1_1detail_1_1RowArrangement_3_01Shape_00_01WarpsRemaini6d8790249bf12cac580da73bb37eb791.html': Filename too long
  error: cannot stat 'docs/structcutlass_1_1epilogue_1_1threadblock_1_1detail_1_1RowArrangement_3_01Shape_00_01WarpsRemaini91159e6f7e123d881e3ec45101fa4f81.html': Filename too long
  error: cannot stat 'docs/structcutlass_1_1epilogue_1_1threadblock_1_1detail_1_1RowArrangement_3_01Shape_00_01WarpsRemaini9e2f7c245df80a4cc90efa6b3b50b22b.html': Filename too long
  error: cannot stat 'docs/structcutlass_1_1epilogue_1_1threadblock_1_1detail_1_1RowArrangement_3_01Shape_00_01WarpsRemainid5663e27f30dce1ea91bc27cfb40da6c.html': Filename too long
  error: cannot stat 'docs/structcutlass_1_1epilogue_1_1threadblock_1_1detail_1_1RowArrangement_3_01Shape_00_01WarpsRemainief28e98b3f284469f271d28aba73de2e.html': Filename too long
  error: cannot stat 'docs/structcutlass_1_1epilogue_1_1threadblock_1_1detail_1_1RowArrangement_3_01Shape_00_01WarpsRemainifad5d578e4fccf2388350bc6b13bdf45.html': Filename too long
  error: cannot stat 'docs/structcutlass_1_1epilogue_1_1warp_1_1SimtPolicy_3_01WarpShape___00_01Operator___00_01layout_1_1R7b839f068e1800884229b9f957f8e289.html': Filename too long
  error: cannot stat 'docs/structcutlass_1_1epilogue_1_1warp_1_1SimtPolicy_3_01WarpShape___00_01Operator___00_01layout_1_1Rcef1c60e23e997017ae176c92931151d.html': Filename too long
  error: cannot stat 'docs/structcutlass_1_1epilogue_1_1warp_1_1TensorOpPolicy_3_01WarpShape_00_01OperatorShape_00_01layout69549d10c3610d943987eb90e827bc05.html': Filename too long
  error: cannot stat 'docs/structcutlass_1_1epilogue_1_1warp_1_1TensorOpPolicy_3_01WarpShape_00_01OperatorShape_00_01layout78cabdb5254892450f7768363889ab34.html': Filename too long
  error: cannot stat 'docs/structcutlass_1_1epilogue_1_1warp_1_1TensorOpPolicy_3_01WarpShape_00_01OperatorShape_00_01layout_1_1RowMajor_01_4-members.html': Filename too long
  error: cannot stat 'docs/structcutlass_1_1epilogue_1_1warp_1_1TensorOpPolicy_3_01WarpShape_00_01OperatorShape_00_01layout_1_1RowMajor_01_4.html': Filename too long
  error: cannot stat 'docs/structcutlass_1_1epilogue_1_1warp_1_1TileIteratorTensorOp_3_01WarpShape___00_01OperatorShape___05f11e023c9e6ee5f7a888fa4c5bbf6d1.html': Filename too long
  error: cannot stat 'docs/structcutlass_1_1epilogue_1_1warp_1_1TileIteratorTensorOp_3_01WarpShape___00_01OperatorShape___0c7c94d937906add757265a8e71852661.html': Filename too long
  error: cannot stat 'docs/structcutlass_1_1epilogue_1_1warp_1_1TileIteratorVoltaTensorOp_3_01WarpShape___00_01gemm_1_1Gemm747fcabce4f700e79b702276a148156b.html': Filename too long
  error: cannot stat 'docs/structcutlass_1_1epilogue_1_1warp_1_1TileIteratorVoltaTensorOp_3_01WarpShape___00_01gemm_1_1Gemm7500b0164b0b2d2b2a5293c157708b4b.html': Filename too long
  error: cannot stat 'docs/structcutlass_1_1epilogue_1_1warp_1_1TileIteratorVoltaTensorOp_3_01WarpShape___00_01gemm_1_1Gemm770cbca45441d295d5d7433e8222a700.html': Filename too long
  error: cannot stat 'docs/structcutlass_1_1epilogue_1_1warp_1_1TileIteratorVoltaTensorOp_3_01WarpShape___00_01gemm_1_1Gemmffcab2297c8de8d0013602a39c525b78.html': Filename too long
  error: cannot stat 'docs/structcutlass_1_1epilogue_1_1warp_1_1VoltaTensorOpPolicy_3_01WarpShape___00_01gemm_1_1GemmShape_017a2f40ef0604c52d3326997deaf4c6.html': Filename too long
  error: cannot stat 'docs/structcutlass_1_1epilogue_1_1warp_1_1VoltaTensorOpPolicy_3_01WarpShape___00_01gemm_1_1GemmShape_136ce744d4c1c6e8707f5a9785196194.html': Filename too long
  error: cannot stat 'docs/structcutlass_1_1epilogue_1_1warp_1_1VoltaTensorOpPolicy_3_01WarpShape___00_01gemm_1_1GemmShape_1d48185f49e4d066f8e9327bf0856b7f.html': Filename too long
  error: cannot stat 'docs/structcutlass_1_1epilogue_1_1warp_1_1VoltaTensorOpPolicy_3_01WarpShape___00_01gemm_1_1GemmShape_4f8b41ecfdcf1ad5435c532fcfac762d.html': Filename too long
  error: cannot stat 'docs/structcutlass_1_1gemm_1_1device_1_1DefaultGemmConfiguration_3_01arch_1_1OpClassSimt_00_01ArchTag286687c5e6abe22d241f789fe344a465.html': Filename too long
  error: cannot stat 'docs/structcutlass_1_1gemm_1_1device_1_1DefaultGemmConfiguration_3_01arch_1_1OpClassSimt_00_01ArchTag3026e48abb8c905d1cc6d13d669700e4.html': Filename too long
  error: cannot stat 'docs/structcutlass_1_1gemm_1_1device_1_1DefaultGemmConfiguration_3_01arch_1_1OpClassSimt_00_01ArchTag60e462f4dabbff3b40f34af77a1d77d0.html': Filename too long
  error: cannot stat 'docs/structcutlass_1_1gemm_1_1device_1_1DefaultGemmConfiguration_3_01arch_1_1OpClassSimt_00_01ArchTagb4e575c8d29a260d1cbc7b03daaa7ad0.html': Filename too long
  error: cannot stat 'docs/structcutlass_1_1gemm_1_1device_1_1DefaultGemmConfiguration_3_01arch_1_1OpClassTensorOp_00_01arc01dd6530520353d132c882fddd6320f9.html': Filename too long
  error: cannot stat 'docs/structcutlass_1_1gemm_1_1device_1_1DefaultGemmConfiguration_3_01arch_1_1OpClassTensorOp_00_01arc3d01cda73224ab5ff3cc0fc61ead1cb9.html': Filename too long
  error: cannot stat 'docs/structcutlass_1_1gemm_1_1device_1_1DefaultGemmConfiguration_3_01arch_1_1OpClassTensorOp_00_01arc485a4f0b5a7d2d4ab2c1a24da6328048.html': Filename too long
  error: cannot stat 'docs/structcutlass_1_1gemm_1_1device_1_1DefaultGemmConfiguration_3_01arch_1_1OpClassTensorOp_00_01arc4fada4957d463c80a2831e47f28157c4.html': Filename too long
  error: cannot stat 'docs/structcutlass_1_1gemm_1_1device_1_1DefaultGemmConfiguration_3_01arch_1_1OpClassTensorOp_00_01arc567cad318a31d04b70ea615d6321decd.html': Filename too long
  error: cannot stat 'docs/structcutlass_1_1gemm_1_1device_1_1DefaultGemmConfiguration_3_01arch_1_1OpClassTensorOp_00_01arc5753ee9bd900740e1710b6d6a296e40e.html': Filename too long
  error: cannot stat 'docs/structcutlass_1_1gemm_1_1device_1_1DefaultGemmConfiguration_3_01arch_1_1OpClassTensorOp_00_01arc59c58017beb945eede0abb1aa581b62a.html': Filename too long
  error: cannot stat 'docs/structcutlass_1_1gemm_1_1device_1_1DefaultGemmConfiguration_3_01arch_1_1OpClassTensorOp_00_01arc7291f9c01fb5d713dd4b081092756e21.html': Filename too long
  error: cannot stat 'docs/structcutlass_1_1gemm_1_1device_1_1DefaultGemmConfiguration_3_01arch_1_1OpClassTensorOp_00_01arc7fd102a00f059761cd539b832b0ca84b.html': Filename too long
  error: cannot stat 'docs/structcutlass_1_1gemm_1_1device_1_1DefaultGemmConfiguration_3_01arch_1_1OpClassTensorOp_00_01arc8ab5fd2693c6a6ec43e447acb07f784c.html': Filename too long
  error: cannot stat 'docs/structcutlass_1_1gemm_1_1device_1_1DefaultGemmConfiguration_3_01arch_1_1OpClassTensorOp_00_01arc8e2604a56dff3a7595da9ee0604ae55e.html': Filename too long
  error: cannot stat 'docs/structcutlass_1_1gemm_1_1device_1_1DefaultGemmConfiguration_3_01arch_1_1OpClassTensorOp_00_01arcb27bf218007928652d5b803193eab473.html': Filename too long
  error: cannot stat 'docs/structcutlass_1_1gemm_1_1device_1_1DefaultGemmConfiguration_3_01arch_1_1OpClassTensorOp_00_01arcb2e258b7bd321c633dd65d3ebcf6414a.html': Filename too long
  error: cannot stat 'docs/structcutlass_1_1gemm_1_1device_1_1DefaultGemmConfiguration_3_01arch_1_1OpClassTensorOp_00_01arcb7fc3be2027b2868753a4aae14e98f75.html': Filename too long
  error: cannot stat 'docs/structcutlass_1_1gemm_1_1device_1_1DefaultGemmConfiguration_3_01arch_1_1OpClassTensorOp_00_01arcbaa1784011abb8692923771e7fb21906.html': Filename too long
  error: cannot stat 'docs/structcutlass_1_1gemm_1_1device_1_1DefaultGemmConfiguration_3_01arch_1_1OpClassTensorOp_00_01arcda5cf58c271179385af56bf89955e96e.html': Filename too long
  error: cannot stat 'docs/structcutlass_1_1gemm_1_1device_1_1DefaultGemmConfiguration_3_01arch_1_1OpClassTensorOp_00_01arcde61af9be1337dac1fdb210e7e7a6e01.html': Filename too long
  error: cannot stat 'docs/structcutlass_1_1gemm_1_1device_1_1DefaultGemmConfiguration_3_01arch_1_1OpClassTensorOp_00_01arcdf8d33e0ed321027ffd1ff87dcf72241.html': Filename too long
  error: cannot stat 'docs/structcutlass_1_1gemm_1_1device_1_1DefaultGemmConfiguration_3_01arch_1_1OpClassTensorOp_00_01arcfea0f3503156e8e3fba6456f0cedafdd.html': Filename too long
  error: cannot stat 'docs/structcutlass_1_1gemm_1_1device_1_1DefaultGemmConfiguration_3_01arch_1_1OpClassTensorOp_00_01arcffcf31256aed23d4d8d0eab627bc0cad.html': Filename too long
  error: cannot stat 'docs/structcutlass_1_1gemm_1_1device_1_1DefaultGemmConfiguration_3_01arch_1_1OpClassWmmaTensorOp_00_0884059ecad03bea3e86c4cf722226097.html': Filename too long
  error: cannot stat 'docs/structcutlass_1_1gemm_1_1device_1_1DefaultGemmConfiguration_3_01arch_1_1OpClassWmmaTensorOp_00_0eea80d814d67886a4fe2e1d10f3b344e.html': Filename too long
  error: cannot stat 'docs/structcutlass_1_1gemm_1_1device_1_1GemmBatched_3_01ElementA___00_01LayoutA___00_01ElementB___00_213d78696663f4231cd52c6a277c60e5.html': Filename too long
  error: cannot stat 'docs/structcutlass_1_1gemm_1_1device_1_1GemmBatched_3_01ElementA___00_01LayoutA___00_01ElementB___00_6a0109475095b785e1093424570cec9f.html': Filename too long
  error: cannot stat 'docs/structcutlass_1_1gemm_1_1device_1_1GemmBatched_3_01ElementA___00_01LayoutA___00_01ElementB___00_86011929b951a4386edd82c2df43071a.md5': Filename too long
  error: cannot stat 'docs/structcutlass_1_1gemm_1_1device_1_1GemmComplex_3_01ElementA___00_01LayoutA___00_01ElementB___00_80986bcc93ad447832731ffb6134212a.html': Filename too long
  error: cannot stat 'docs/structcutlass_1_1gemm_1_1device_1_1GemmComplex_3_01ElementA___00_01LayoutA___00_01ElementB___00_a3923967cafb5cb9774c320dc24baa77.html': Filename too long
  error: cannot stat 'docs/structcutlass_1_1gemm_1_1device_1_1GemmComplex_3_01ElementA___00_01LayoutA___00_01ElementB___00_d3937603119c7a34faa6d59fb44eb1d3.md5': Filename too long
  error: cannot stat 'docs/structcutlass_1_1gemm_1_1device_1_1GemmSplitKParallel_3_01ElementA___00_01LayoutA___00_01Element0b5460769dc2e29b8089dabe0dea7664.html': Filename too long
  error: cannot stat 'docs/structcutlass_1_1gemm_1_1device_1_1GemmSplitKParallel_3_01ElementA___00_01LayoutA___00_01Element62751fd4d5e9e1aa595a1c59145b8f01.md5': Filename too long
  error: cannot stat 'docs/structcutlass_1_1gemm_1_1device_1_1GemmSplitKParallel_3_01ElementA___00_01LayoutA___00_01Elementafcb1aeaf2035a7ac769d7acc233423b.html': Filename too long
  error: cannot stat 'docs/structcutlass_1_1gemm_1_1device_1_1Gemm_3_01ElementA___00_01LayoutA___00_01ElementB___00_01Layou1b211cc9c97c022d8fe10f2dd32c8709.html': Filename too long
  error: cannot stat 'docs/structcutlass_1_1gemm_1_1device_1_1Gemm_3_01ElementA___00_01LayoutA___00_01ElementB___00_01Layouc7bf8dfab285ca1d3f1fcdd3156f88fe.html': Filename too long
  error: cannot stat 'docs/structcutlass_1_1gemm_1_1device_1_1Gemm_3_01ElementA___00_01LayoutA___00_01ElementB___00_01Layoude3eb4cc675179705362d51bb2b48c9e.md5': Filename too long
  error: cannot stat 'docs/structcutlass_1_1gemm_1_1kernel_1_1DefaultGemm_3_01ElementA_00_01LayoutA_00_01kAlignmentA_00_01E044b039b2fe402f29b04a9f5feee5342.html': Filename too long
  error: cannot stat 'docs/structcutlass_1_1gemm_1_1kernel_1_1DefaultGemm_3_01ElementA_00_01LayoutA_00_01kAlignmentA_00_01E0b527dea5015765e44fc234cadf35e29.html': Filename too long
  error: cannot stat 'docs/structcutlass_1_1gemm_1_1kernel_1_1DefaultGemm_3_01ElementA_00_01LayoutA_00_01kAlignmentA_00_01E56da05ce184ecd9a73aa195e352f08b9.html': Filename too long
  error: cannot stat 'docs/structcutlass_1_1gemm_1_1kernel_1_1DefaultGemm_3_01ElementA_00_01LayoutA_00_01kAlignmentA_00_01E5d78d37a9ae2ec08d7d477d571df036e.html': Filename too long
  error: cannot stat 'docs/structcutlass_1_1gemm_1_1kernel_1_1DefaultGemm_3_01ElementA_00_01LayoutA_00_01kAlignmentA_00_01Edd80343e6570718ed237122e4ebf7fb5.html': Filename too long
  error: cannot stat 'docs/structcutlass_1_1gemm_1_1kernel_1_1DefaultGemm_3_01ElementA_00_01LayoutA_00_01kAlignmentA_00_01Efab1637593655fb8e409b7cbdcee4ba2.html': Filename too long
  error: cannot stat 'docs/structcutlass_1_1gemm_1_1kernel_1_1DefaultGemm_3_01ElementA_00_01layout_1_1ColumnMajorInterleave661fe54d13cc2c9153dcdf31e4beaa30.html': Filename too long
  error: cannot stat 'docs/structcutlass_1_1gemm_1_1kernel_1_1DefaultGemm_3_01ElementA_00_01layout_1_1ColumnMajorInterleavecb3ad866c4f35a6c75b3b509fe6317ac.html': Filename too long
  error: cannot stat 'docs/structcutlass_1_1gemm_1_1kernel_1_1DefaultGemm_3_01int8__t_00_01LayoutA_00_01kAlignmentA_00_01in6cddcf78576aeaab7109f4b04ca21c26.html': Filename too long
  error: cannot stat 'docs/structcutlass_1_1gemm_1_1kernel_1_1DefaultGemm_3_01int8__t_00_01LayoutA_00_01kAlignmentA_00_01inf48440732c1c5f42ddbfaba179861815.html': Filename too long
  error: cannot stat 'docs/structcutlass_1_1gemm_1_1thread_1_1Mma_3_01Shape___00_01ElementA___00_01LayoutA___00_01ElementB_77330d7783270c0eb7aa2b24c543081f.html': Filename too long
  error: cannot stat 'docs/structcutlass_1_1gemm_1_1thread_1_1Mma_3_01Shape___00_01ElementA___00_01LayoutA___00_01ElementB_e41c1cd6078b6d1347fac239b0639d56.html': Filename too long
  error: cannot stat 'docs/structcutlass_1_1gemm_1_1thread_1_1Mma_3_01Shape___00_01half__t_00_01LayoutA_00_01half__t_00_01L066c9d2371712cdf0cac099ca9bcc578.html': Filename too long
  error: cannot stat 'docs/structcutlass_1_1gemm_1_1thread_1_1Mma_3_01Shape___00_01half__t_00_01LayoutA_00_01half__t_00_01L5349ba8a899653b0d5d0c23e9cf44a0c.html': Filename too long
  error: cannot stat 'docs/structcutlass_1_1gemm_1_1thread_1_1Mma_3_01Shape___00_01half__t_00_01LayoutA___00_01half__t_00_0289b291e61fc11c6dd8f80a16a97bd46.html': Filename too long
  error: cannot stat 'docs/structcutlass_1_1gemm_1_1thread_1_1Mma_3_01Shape___00_01half__t_00_01LayoutA___00_01half__t_00_088f0e99e501b6012297eb30b4e89bcea.html': Filename too long
  error: cannot stat 'docs/structcutlass_1_1gemm_1_1thread_1_1Mma_3_01Shape___00_01int8__t_00_01layout_1_1ColumnMajor_00_013f3785e722edc6e9aab6f866309b8623.html': Filename too long
  error: cannot stat 'docs/structcutlass_1_1gemm_1_1thread_1_1Mma_3_01Shape___00_01int8__t_00_01layout_1_1ColumnMajor_00_01d50065ae476bfe25761aed2404fd85bf.html': Filename too long
  error: cannot stat 'docs/structcutlass_1_1gemm_1_1thread_1_1Mma_3_01Shape___00_01int8__t_00_01layout_1_1RowMajor_00_01int89c659e7faf47264972bdba6cd80f42b.html': Filename too long
  error: cannot stat 'docs/structcutlass_1_1gemm_1_1thread_1_1Mma_3_01Shape___00_01int8__t_00_01layout_1_1RowMajor_00_01intbfe74b44f9842985e186ee7faada0200.html': Filename too long
  error: cannot stat 'docs/structcutlass_1_1gemm_1_1thread_1_1detail_1_1Mma__HFMA2_3_01Shape_00_01LayoutA_00_01LayoutB_00_05434f0c746fe7543e953c4f4e635b605.html': Filename too long
  error: cannot stat 'docs/structcutlass_1_1gemm_1_1thread_1_1detail_1_1Mma__HFMA2_3_01Shape_00_01LayoutA_00_01LayoutB_00_07ac147cb320ee0d28ff8e78eb4cd330e.html': Filename too long
  error: cannot stat 'docs/structcutlass_1_1gemm_1_1thread_1_1detail_1_1Mma__HFMA2_3_01Shape_00_01LayoutA_00_01LayoutB_00_0e1104c65871c539155bd3a0c7631928b.html': Filename too long
  error: cannot stat 'docs/structcutlass_1_1gemm_1_1thread_1_1detail_1_1Mma__HFMA2_3_01Shape_00_01LayoutA_00_01LayoutB_00_0e5ac1f521c32478a4316b5a9ea84e939.html': Filename too long
  error: cannot stat 'docs/structcutlass_1_1gemm_1_1thread_1_1detail_1_1Mma__HFMA2_3_01Shape_00_01layout_1_1ColumnMajor_00_17070298bc4cced0a1b98aee2bb6b455.html': Filename too long
  error: cannot stat 'docs/structcutlass_1_1gemm_1_1thread_1_1detail_1_1Mma__HFMA2_3_01Shape_00_01layout_1_1ColumnMajor_00_72621f7ab9ae4a4ba4fe9725cf8e89c1.html': Filename too long
  error: cannot stat 'docs/structcutlass_1_1gemm_1_1thread_1_1detail_1_1Mma__HFMA2_3_01Shape_00_01layout_1_1ColumnMajor_00_94c813e3bbfb6f9857c155166f772687.html': Filename too long
  error: cannot stat 'docs/structcutlass_1_1gemm_1_1thread_1_1detail_1_1Mma__HFMA2_3_01Shape_00_01layout_1_1ColumnMajor_00_9afa1e2f7fe8284e818c1409e0230fa2.html': Filename too long
  error: cannot stat 'docs/structcutlass_1_1gemm_1_1thread_1_1detail_1_1Mma__HFMA2_3_01Shape_00_01layout_1_1ColumnMajor_00_aded668311848cc9c73554accdb29b97.html': Filename too long
  error: cannot stat 'docs/structcutlass_1_1gemm_1_1thread_1_1detail_1_1Mma__HFMA2_3_01Shape_00_01layout_1_1ColumnMajor_00_bf6d29bb09a025e7b96942809743e28a.html': Filename too long
  error: cannot stat 'docs/structcutlass_1_1gemm_1_1thread_1_1detail_1_1Mma__HFMA2_3_01Shape_00_01layout_1_1ColumnMajor_00_e91e59489e973164266ab8b55889a608.html': Filename too long
  error: cannot stat 'docs/structcutlass_1_1gemm_1_1thread_1_1detail_1_1Mma__HFMA2_3_01Shape_00_01layout_1_1ColumnMajor_00_f16629e5249aa6882f509571d2434832.html': Filename too long
  error: cannot stat 'docs/structcutlass_1_1gemm_1_1thread_1_1detail_1_1Mma__HFMA2_3_01Shape_00_01layout_1_1RowMajor_00_01l086c058a15d6c79558e4f3d9ff1dc148.html': Filename too long
  error: cannot stat 'docs/structcutlass_1_1gemm_1_1thread_1_1detail_1_1Mma__HFMA2_3_01Shape_00_01layout_1_1RowMajor_00_01l26a133b13650c1d058273e3649f60f04.html': Filename too long
  error: cannot stat 'docs/structcutlass_1_1gemm_1_1thread_1_1detail_1_1Mma__HFMA2_3_01Shape_00_01layout_1_1RowMajor_00_01l2aa4d2fd2e940e0d0cf7c47bc8f6017c.html': Filename too long
  error: cannot stat 'docs/structcutlass_1_1gemm_1_1thread_1_1detail_1_1Mma__HFMA2_3_01Shape_00_01layout_1_1RowMajor_00_01l2d7c9369ee79d34a9ecd602986cfab0c.html': Filename too long
  error: cannot stat 'docs/structcutlass_1_1gemm_1_1thread_1_1detail_1_1Mma__HFMA2_3_01Shape_00_01layout_1_1RowMajor_00_01l3aca9bdfbd9560dddf80c9e0b7775f8a.html': Filename too long
  error: cannot stat 'docs/structcutlass_1_1gemm_1_1thread_1_1detail_1_1Mma__HFMA2_3_01Shape_00_01layout_1_1RowMajor_00_01l931b11057bee5329b2f865f01881feb4.html': Filename too long
  error: cannot stat 'docs/structcutlass_1_1gemm_1_1thread_1_1detail_1_1Mma__HFMA2_3_01Shape_00_01layout_1_1RowMajor_00_01lbba3a796be96a0276693ef6b259ecc4a.html': Filename too long
  error: cannot stat 'docs/structcutlass_1_1gemm_1_1thread_1_1detail_1_1Mma__HFMA2_3_01Shape_00_01layout_1_1RowMajor_00_01le301921af6f57a0bfbb3c3961e8be641.html': Filename too long
  error: cannot stat 'docs/structcutlass_1_1gemm_1_1threadblock_1_1DefaultMmaCore_3_01Shape___00_01WarpShape___00_01GemmSha1552173080a33a19c634eb2f66813db1.html': Filename too long
  error: cannot stat 'docs/structcutlass_1_1gemm_1_1threadblock_1_1DefaultMmaCore_3_01Shape___00_01WarpShape___00_01GemmSha2c0d0b7cdb5c4bcb11e83c058eb65345.html': Filename too long
  error: cannot stat 'docs/structcutlass_1_1gemm_1_1threadblock_1_1DefaultMmaCore_3_01Shape___00_01WarpShape___00_01GemmSha2d7c0a561bbf8f59c22021f3182fdfd7.html': Filename too long
  error: cannot stat 'docs/structcutlass_1_1gemm_1_1threadblock_1_1DefaultMmaCore_3_01Shape___00_01WarpShape___00_01GemmSha2f65fab287659088299cac7e3a7d1c73.html': Filename too long
  error: cannot stat 'docs/structcutlass_1_1gemm_1_1threadblock_1_1DefaultMmaCore_3_01Shape___00_01WarpShape___00_01GemmSha34a52cc7b2942e8c290f0032b6779b52.html': Filename too long
  error: cannot stat 'docs/structcutlass_1_1gemm_1_1threadblock_1_1DefaultMmaCore_3_01Shape___00_01WarpShape___00_01GemmSha3adf608332a8c9ee7014fced0da8a9ca.html': Filename too long
  error: cannot stat 'docs/structcutlass_1_1gemm_1_1threadblock_1_1DefaultMmaCore_3_01Shape___00_01WarpShape___00_01GemmSha46446d1e3871e31d2e728f710d78c8c1.html': Filename too long
  error: cannot stat 'docs/structcutlass_1_1gemm_1_1threadblock_1_1DefaultMmaCore_3_01Shape___00_01WarpShape___00_01GemmSha4dc50bde4c2a3941f8f9807599cc52ef.html': Filename too long
  error: cannot stat 'docs/structcutlass_1_1gemm_1_1threadblock_1_1DefaultMmaCore_3_01Shape___00_01WarpShape___00_01GemmSha5fdfbf65379c910a1c04ef3a46a549ed.html': Filename too long
  error: cannot stat 'docs/structcutlass_1_1gemm_1_1threadblock_1_1DefaultMmaCore_3_01Shape___00_01WarpShape___00_01GemmSha69bef08ea63dd930f99d9788105873dd.html': Filename too long
  error: cannot stat 'docs/structcutlass_1_1gemm_1_1threadblock_1_1DefaultMmaCore_3_01Shape___00_01WarpShape___00_01GemmSha84e9f8afb6a4ca9f5dcd219b182d16e7.html': Filename too long
  error: cannot stat 'docs/structcutlass_1_1gemm_1_1threadblock_1_1DefaultMmaCore_3_01Shape___00_01WarpShape___00_01GemmSha863d4139ccaa713bc4bde32c425f4067.html': Filename too long
  error: cannot stat 'docs/structcutlass_1_1gemm_1_1threadblock_1_1DefaultMmaCore_3_01Shape___00_01WarpShape___00_01GemmSha8da7a0cfbbe859b701fdd9f2b8566aa7.html': Filename too long
  error: cannot stat 'docs/structcutlass_1_1gemm_1_1threadblock_1_1DefaultMmaCore_3_01Shape___00_01WarpShape___00_01GemmSha903c12d1a6db57137118ba796bc8de3e.html': Filename too long
  error: cannot stat 'docs/structcutlass_1_1gemm_1_1threadblock_1_1DefaultMmaCore_3_01Shape___00_01WarpShape___00_01GemmSha99d686f7f39d14961f2f465b7d3f7026.html': Filename too long
  error: cannot stat 'docs/structcutlass_1_1gemm_1_1threadblock_1_1DefaultMmaCore_3_01Shape___00_01WarpShape___00_01GemmShaa1477d8eaa363a2af9fe1b96cded5b28.html': Filename too long
  error: cannot stat 'docs/structcutlass_1_1gemm_1_1threadblock_1_1DefaultMmaCore_3_01Shape___00_01WarpShape___00_01GemmShaa370fcd3431f7e4951b8c5eb885ce2fa.html': Filename too long
  error: cannot stat 'docs/structcutlass_1_1gemm_1_1threadblock_1_1DefaultMmaCore_3_01Shape___00_01WarpShape___00_01GemmShaa65fcc9419ddceacdfc43dd268adb852.html': Filename too long
  error: cannot stat 'docs/structcutlass_1_1gemm_1_1threadblock_1_1DefaultMmaCore_3_01Shape___00_01WarpShape___00_01GemmShaae2ea1baf1eb4cfec940a7655796b053.html': Filename too long
  error: cannot stat 'docs/structcutlass_1_1gemm_1_1threadblock_1_1DefaultMmaCore_3_01Shape___00_01WarpShape___00_01GemmShaaf312aafe9da92ea9d417bcc12a8e7dc.html': Filename too long
  error: cannot stat 'docs/structcutlass_1_1gemm_1_1threadblock_1_1DefaultMmaCore_3_01Shape___00_01WarpShape___00_01GemmShab7edfba3cdf43a07e3c4d719d87565a4.html': Filename too long
  error: cannot stat 'docs/structcutlass_1_1gemm_1_1threadblock_1_1DefaultMmaCore_3_01Shape___00_01WarpShape___00_01GemmShab94a11a77dd0565102710907089acee0.html': Filename too long
  error: cannot stat 'docs/structcutlass_1_1gemm_1_1threadblock_1_1DefaultMmaCore_3_01Shape___00_01WarpShape___00_01GemmShaf03a122202ad10acdc96f280106d678b.html': Filename too long
  error: cannot stat 'docs/structcutlass_1_1gemm_1_1threadblock_1_1DefaultMmaCore_3_01Shape___00_01WarpShape___00_01GemmShaf9c49957c66a8ac51d686f0d22b8b0ea.html': Filename too long
  error: cannot stat 'docs/structcutlass_1_1gemm_1_1threadblock_1_1DefaultMmaCore_3_01Shape___00_01WarpShape___00_01GemmShafafd5c61db86cbfe90863578ddd11092.html': Filename too long
  error: cannot stat 'docs/structcutlass_1_1gemm_1_1threadblock_1_1DefaultMmaCore_3_01Shape___00_01WarpShape___00_01GemmShafd521c9baa327d4845a8f8f161b0cc97.html': Filename too long
  error: cannot stat 'docs/structcutlass_1_1gemm_1_1threadblock_1_1DefaultMmaCore_3_01Shape___00_01WarpShape___00_01Instruc24092ddc01fc83dabb7db4c14880fe60.html': Filename too long
  error: cannot stat 'docs/structcutlass_1_1gemm_1_1threadblock_1_1DefaultMmaCore_3_01Shape___00_01WarpShape___00_01Instruc275197ad0505c12b07f1abc87ba9121c.html': Filename too long
  error: cannot stat 'docs/structcutlass_1_1gemm_1_1threadblock_1_1DefaultMmaCore_3_01Shape___00_01WarpShape___00_01Instruc2bf00737f4ad0a9da9a8be6d3e66c152.html': Filename too long
  error: cannot stat 'docs/structcutlass_1_1gemm_1_1threadblock_1_1DefaultMmaCore_3_01Shape___00_01WarpShape___00_01Instruc4fee9f2965b8468bfb42b94a74527d22.html': Filename too long
  error: cannot stat 'docs/structcutlass_1_1gemm_1_1threadblock_1_1DefaultMmaCore_3_01Shape___00_01WarpShape___00_01Instruc72e82df901305098cfe0dae3a1c52620.html': Filename too long
  error: cannot stat 'docs/structcutlass_1_1gemm_1_1threadblock_1_1DefaultMmaCore_3_01Shape___00_01WarpShape___00_01Instruc803d38bc1e4618c07c47f54c87ae2678.html': Filename too long
  error: cannot stat 'docs/structcutlass_1_1gemm_1_1threadblock_1_1DefaultMmaCore_3_01Shape___00_01WarpShape___00_01Instruca1d9a28a8480eb9edfb7c40780b136e6.html': Filename too long
  error: cannot stat 'docs/structcutlass_1_1gemm_1_1threadblock_1_1DefaultMmaCore_3_01Shape___00_01WarpShape___00_01Instruccda7d350d3e2bd640227b690e127afe5.html': Filename too long
  error: cannot stat 'docs/structcutlass_1_1gemm_1_1threadblock_1_1DefaultMmaCore_3_01Shape___00_01WarpShape___00_01Instrucf60fe02fcdd80d28b7fd419133465dcc.html': Filename too long
  error: cannot stat 'docs/structcutlass_1_1gemm_1_1threadblock_1_1DefaultMmaCore_3_01Shape___00_01WarpShape___00_01Instrucfd34bebfcb8bb444b55e46bcd7ea6fb0.html': Filename too long
  error: cannot stat 'docs/structcutlass_1_1gemm_1_1threadblock_1_1DefaultMma_3_01ElementA_00_01LayoutA_00_01kAlignmentA_0010764e1fd5a3251a57eddafbd83eab8e.html': Filename too long
  error: cannot stat 'docs/structcutlass_1_1gemm_1_1threadblock_1_1DefaultMma_3_01ElementA_00_01LayoutA_00_01kAlignmentA_007182ba7df2fd06bf603976d8711bfcb9.html': Filename too long
  error: cannot stat 'docs/structcutlass_1_1gemm_1_1threadblock_1_1DefaultMma_3_01ElementA_00_01LayoutA_00_01kAlignmentA_00a5ddf5dbb058f0e0fc5808d9dfe594c9.html': Filename too long
  error: cannot stat 'docs/structcutlass_1_1gemm_1_1threadblock_1_1DefaultMma_3_01ElementA_00_01LayoutA_00_01kAlignmentA_00c67c16f9881e4f2fda76d8ed83ebabd6.html': Filename too long
  error: cannot stat 'docs/structcutlass_1_1gemm_1_1threadblock_1_1DefaultMma_3_01ElementA_00_01LayoutA_00_01kAlignmentA_00ce36642cae579bce6605ff8edde3c6ab.html': Filename too long
  error: cannot stat 'docs/structcutlass_1_1gemm_1_1threadblock_1_1DefaultMma_3_01ElementA_00_01LayoutA_00_01kAlignmentA_00da4cf9ab35f8ffca5adfef751b4184c4.html': Filename too long
  error: cannot stat 'docs/structcutlass_1_1gemm_1_1threadblock_1_1DefaultMma_3_01int8__t_00_01LayoutA_00_01kAlignmentA_00_07e7230d4011ada5e22cfcb29103b696.html': Filename too long
  error: cannot stat 'docs/structcutlass_1_1gemm_1_1threadblock_1_1DefaultMma_3_01int8__t_00_01LayoutA_00_01kAlignmentA_00_30934a4e911d342b2afe462e21e8268a.html': Filename too long
  error: cannot stat 'docs/structcutlass_1_1gemm_1_1warp_1_1MmaTensorOpAccumulatorTileIterator_3_01Shape___00_01Element___02100c8adad47cbe03be37d64b9a26478.html': Filename too long
  error: cannot stat 'docs/structcutlass_1_1gemm_1_1warp_1_1MmaTensorOpAccumulatorTileIterator_3_01Shape___00_01Element___03822d9be37f3725022005a5434441f22.html': Filename too long
  error: cannot stat 'docs/structcutlass_1_1gemm_1_1warp_1_1MmaTensorOpAccumulatorTileIterator_3_01Shape___00_01Element___093b5d2838ac5a742704ef62b5c8688f0.html': Filename too long
  error: cannot stat 'docs/structcutlass_1_1gemm_1_1warp_1_1MmaTensorOpAccumulatorTileIterator_3_01Shape___00_01Element___0d35fa5dc4e4b4f72784c943fd857fc1d.html': Filename too long
  error: cannot stat 'docs/structcutlass_1_1gemm_1_1warp_1_1MmaTensorOpAccumulatorTileIterator_3_01Shape___00_01Element___0e7cf8dbcdec1b98ecc43cbc7fd404caa.html': Filename too long
  error: cannot stat 'docs/structcutlass_1_1gemm_1_1warp_1_1MmaTensorOpAccumulatorTileIterator_3_01Shape___00_01Element___0ef23ad16881f43f6f15b3fa7d1c44a0a.html': Filename too long
  error: cannot stat 'docs/structcutlass_1_1gemm_1_1warp_1_1MmaTensorOpMultiplicandTileIterator_3_01Shape___00_01Operand___07638f8b7761f6e2e2e6918e2c05e739.html': Filename too long
  error: cannot stat 'docs/structcutlass_1_1gemm_1_1warp_1_1MmaTensorOpMultiplicandTileIterator_3_01Shape___00_01Operand___0784c74bd670999ec23ad8ef9dc55777.html': Filename too long
  error: cannot stat 'docs/structcutlass_1_1gemm_1_1warp_1_1MmaTensorOpMultiplicandTileIterator_3_01Shape___00_01Operand___7981e68facdb9c437cbc67ef4cc006db.html': Filename too long
  error: cannot stat 'docs/structcutlass_1_1gemm_1_1warp_1_1MmaTensorOpMultiplicandTileIterator_3_01Shape___00_01Operand___d8b3878197b6208162024299927d355a.html': Filename too long
  error: cannot stat 'docs/structcutlass_1_1gemm_1_1warp_1_1MmaVoltaTensorOpMultiplicandTileIterator_3_01Shape___00_01Opera33cdf53848564e894d4407637dc86caf.html': Filename too long
  error: cannot stat 'docs/structcutlass_1_1gemm_1_1warp_1_1MmaVoltaTensorOpMultiplicandTileIterator_3_01Shape___00_01Opera4c86200f22934f3a3ec95b229ae65545.html': Filename too long
  error: cannot stat 'docs/structcutlass_1_1gemm_1_1warp_1_1MmaVoltaTensorOpMultiplicandTileIterator_3_01Shape___00_01Opera5da07caa645948ad891c884c71a4e5f2.html': Filename too long
  error: cannot stat 'docs/structcutlass_1_1gemm_1_1warp_1_1MmaVoltaTensorOpMultiplicandTileIterator_3_01Shape___00_01Opera6fa6d2d3725bb3ec613d5c527ea3ffe7.html': Filename too long
  error: cannot stat 'docs/structcutlass_1_1gemm_1_1warp_1_1MmaVoltaTensorOpMultiplicandTileIterator_3_01Shape___00_01Operae16326b7ce6ad841541903bbbfdc32dc.html': Filename too long
  error: cannot stat 'docs/structcutlass_1_1gemm_1_1warp_1_1MmaVoltaTensorOpMultiplicandTileIterator_3_01Shape___00_01Operafa294175b280756dd8388f9ffe7b72c4.html': Filename too long
  error: cannot stat 'docs/structcutlass_1_1multiply__add_3_01Array_3_01T_00_01N_01_4_00_01Array_3_01T_00_01N_01_4_00_01Array_3_01T_00_01N_01_4_01_4.html': Filename too long
  error: cannot stat 'docs/structcutlass_1_1multiply__add_3_01Array_3_01T_00_01N_01_4_00_01Array_3_01T_00_01N_01_4_00_01Arrc22976a5dc70dc30cb0b8cb0caf7ab47.html': Filename too long
  error: cannot stat 'docs/structcutlass_1_1multiply__add_3_01Array_3_01half__t_00_01N_01_4_00_01Array_3_01half__t_00_01N_01adaeadb27c0e4439444709c0eb30963.html': Filename too long
  error: cannot stat 'docs/structcutlass_1_1multiply__add_3_01Array_3_01half__t_00_01N_01_4_00_01Array_3_01half__t_00_01N_04badf8da5e654ee1d0a3e7ed231f3e77.html': Filename too long
  error: cannot stat 'docs/structcutlass_1_1multiply__add_3_01complex_3_01T_01_4_00_01complex_3_01T_01_4_00_01complex_3_01T_01_4_01_4-members.html': Filename too long
  error: cannot stat 'docs/structcutlass_1_1reduction_1_1thread_1_1Reduce_3_01plus_3_01half__t_01_4_00_01AlignedArray_3_01half__t_00_01N_01_4_01_4-members.html': Filename too long
  error: cannot stat 'docs/structcutlass_1_1reduction_1_1thread_1_1Reduce_3_01plus_3_01half__t_01_4_00_01AlignedArray_3_01half__t_00_01N_01_4_01_4.html': Filename too long
  error: cannot stat 'docs/structcutlass_1_1reduction_1_1thread_1_1Reduce_3_01plus_3_01half__t_01_4_00_01Array_3_01half__t_00_01N_01_4_01_4-members.html': Filename too long
  error: cannot stat 'docs/structcutlass_1_1reference_1_1device_1_1Gemm_3_01ElementA_00_01LayoutA_00_01ElementB_00_01Layout30b72addd464a2ca4a26785cbfd77a8e.html': Filename too long
  error: cannot stat 'docs/structcutlass_1_1reference_1_1device_1_1Gemm_3_01ElementA_00_01LayoutA_00_01ElementB_00_01Layout369ab66cb5af61d94815b1554b7ffdd3.html': Filename too long
  error: cannot stat 'docs/structcutlass_1_1reference_1_1device_1_1Gemm_3_01ElementA_00_01LayoutA_00_01ElementB_00_01Layout4e016ab7cfc644acd7cb4ae770339773.html': Filename too long
  error: cannot stat 'docs/structcutlass_1_1reference_1_1device_1_1Gemm_3_01ElementA_00_01LayoutA_00_01ElementB_00_01Layout54e3f4e44d8c1c659de062425d47747b.html': Filename too long
  error: cannot stat 'docs/structcutlass_1_1reference_1_1device_1_1Gemm_3_01ElementA_00_01LayoutA_00_01ElementB_00_01Layout660562b232f408218828ca5915b7e73a.html': Filename too long
  error: cannot stat 'docs/structcutlass_1_1reference_1_1device_1_1Gemm_3_01ElementA_00_01LayoutA_00_01ElementB_00_01Layout8f9867405e8781f535ae5882a63e49d7.html': Filename too long
  error: cannot stat 'docs/structcutlass_1_1reference_1_1device_1_1kernel_1_1detail_1_1TensorForEachHelper_3_01Func_00_01Rank_00_010_01_4-members.html': Filename too long
  error: cannot stat 'docs/structcutlass_1_1reference_1_1host_1_1Gemm_3_01ElementA_00_01LayoutA_00_01ElementB_00_01LayoutB_193dd3a37f00deff1e5dcd7c310afb1f.html': Filename too long
  error: cannot stat 'docs/structcutlass_1_1reference_1_1host_1_1Gemm_3_01ElementA_00_01LayoutA_00_01ElementB_00_01LayoutB_400beb827a8b62c34dc8a76365caabf4.html': Filename too long
  error: cannot stat 'docs/structcutlass_1_1reference_1_1host_1_1Gemm_3_01ElementA_00_01LayoutA_00_01ElementB_00_01LayoutB_4f3f32c4b336238abfd741e87bfced46.html': Filename too long
  error: cannot stat 'docs/structcutlass_1_1reference_1_1host_1_1Gemm_3_01ElementA_00_01LayoutA_00_01ElementB_00_01LayoutB_55729eac7dbd6bf311ea36f680e83e93.html': Filename too long
  error: cannot stat 'docs/structcutlass_1_1reference_1_1host_1_1Gemm_3_01ElementA_00_01LayoutA_00_01ElementB_00_01LayoutB_6b5c19f719ffef4036bef6a40e90c4a0.html': Filename too long
  error: cannot stat 'docs/structcutlass_1_1reference_1_1host_1_1Gemm_3_01ElementA_00_01LayoutA_00_01ElementB_00_01LayoutB_f990b0b9b6b1ff6a6232b5d24c22d64c.html': Filename too long
  error: cannot stat 'docs/structcutlass_1_1transform_1_1PitchLinear2DThreadTileStripminedThreadMap_3_01Shape___00_01Thread0082c3467229b12cc9dd996283ee7160.html': Filename too long
  error: cannot stat 'docs/structcutlass_1_1transform_1_1PitchLinear2DThreadTileStripminedThreadMap_3_01Shape___00_01Thread48bfab8a2d7359e0aa1522180ca66ba4.html': Filename too long
  error: cannot stat 'docs/structcutlass_1_1transform_1_1PitchLinear2DThreadTileStripminedThreadMap_3_01Shape___00_01Thread896c01a3c466da1bf392e0cdfced4d53.html': Filename too long
  error: cannot stat 'docs/structcutlass_1_1transform_1_1PitchLinear2DThreadTileStripminedThreadMap_3_01Shape___00_01Threade2f443f064d1208138831a4b5669221c.html': Filename too long
  error: cannot stat 'docs/structcutlass_1_1transform_1_1thread_1_1Transpose_3_01ElementCount___00_01layout_1_1PitchLinearS337c4bfbdb4aa0b08021c6d28539409f.html': Filename too long
  error: cannot stat 'docs/structcutlass_1_1transform_1_1thread_1_1Transpose_3_01ElementCount___00_01layout_1_1PitchLinearS99f8e05faf0bb5ed48a0154afe740d81.html': Filename too long
  error: cannot stat 'docs/structcutlass_1_1transform_1_1threadblock_1_1PredicatedTileIterator2dThreadTile_3_01Shape___00_090679c8ce9f0df00227bd9bd4aaff279.html': Filename too long
  error: cannot stat 'docs/structcutlass_1_1transform_1_1threadblock_1_1PredicatedTileIterator2dThreadTile_3_01Shape___00_0b878062cc0cd214bf7e17d74ff17e246.html': Filename too long
  error: cannot stat 'docs/structcutlass_1_1transform_1_1threadblock_1_1RegularTileAccessIterator_3_01Shape___00_01Element_0a9491607d11be8e1780e79ad711aa42.html': Filename too long
  error: cannot stat 'docs/structcutlass_1_1transform_1_1threadblock_1_1RegularTileAccessIterator_3_01Shape___00_01Element_159afb0a42935c95137b94a812a0c347.html': Filename too long
  error: cannot stat 'docs/structcutlass_1_1transform_1_1threadblock_1_1RegularTileAccessIterator_3_01Shape___00_01Element_3be8b96d170d886f39b6b30acab65e7a.html': Filename too long
  error: cannot stat 'docs/structcutlass_1_1transform_1_1threadblock_1_1RegularTileAccessIterator_3_01Shape___00_01Element_7fe4ae214b926456132d144640afba71.html': Filename too long
  error: cannot stat 'docs/structcutlass_1_1transform_1_1threadblock_1_1RegularTileIterator_3_01Shape___00_01Element___00_0156743786c2e07a4e523ad410e291265.html': Filename too long
  error: cannot stat 'docs/structcutlass_1_1transform_1_1threadblock_1_1RegularTileIterator_3_01Shape___00_01Element___00_02d305cfb0b55c6fb236a52cf2240651e.html': Filename too long
  error: cannot stat 'docs/structcutlass_1_1transform_1_1threadblock_1_1RegularTileIterator_3_01Shape___00_01Element___00_032f88d1be8b209e44a4815c707ba35bb.html': Filename too long
  error: cannot stat 'docs/structcutlass_1_1transform_1_1threadblock_1_1RegularTileIterator_3_01Shape___00_01Element___00_0390833403016f5d817416e20828845df.html': Filename too long
  error: cannot stat 'docs/structcutlass_1_1transform_1_1threadblock_1_1RegularTileIterator_3_01Shape___00_01Element___00_039093927f4b1ee61538c569bf1ae4efd.html': Filename too long
  error: cannot stat 'docs/structcutlass_1_1transform_1_1threadblock_1_1RegularTileIterator_3_01Shape___00_01Element___00_05192e46ead3e35a0208870cfc60f5da5.html': Filename too long
  error: cannot stat 'docs/structcutlass_1_1transform_1_1threadblock_1_1RegularTileIterator_3_01Shape___00_01Element___00_052caec9d5bceeb59b9a13cb3338ce64d.html': Filename too long
  error: cannot stat 'docs/structcutlass_1_1transform_1_1threadblock_1_1RegularTileIterator_3_01Shape___00_01Element___00_06b6dd3317cd1748fb948900df8beec57.html': Filename too long
  error: cannot stat 'docs/structcutlass_1_1transform_1_1threadblock_1_1RegularTileIterator_3_01Shape___00_01Element___00_078e1f4b2964afcce5387420c9c8eaea8.html': Filename too long
  error: cannot stat 'docs/structcutlass_1_1transform_1_1threadblock_1_1RegularTileIterator_3_01Shape___00_01Element___00_0bc37beaa523707a55987f4ffcc372fcd.html': Filename too long
  error: The following untracked working tree files would be overwritten by checkout:
  	.github/ISSUE_TEMPLATE/config.yml
  	.github/ISSUE_TEMPLATE/documentation_request.md
  	.github/ISSUE_TEMPLATE/submit_question.md
  	.github/workflows/labeler.yml
  	.github/workflows/new-issues-to-triage-projects.yml
  	.github/workflows/stale.yml
  	.gitignore
  	.gitmodules
  	CHANGELOG.md
  	CITATION.cff
  	CMakeLists.txt
  	CONTRIBUTORS.md
  	CUDA.cmake
  	Doxyfile
  	LICENSE.txt
  	PUBLICATIONS.md
  	README.md
  	bin2hex.cmake
  	cmake/CTestTestfile.configure.cmake
  	cmake/CTestTestfile.test.configure.cmake
  	cmake/NvidiaCutlassConfig.cmake.in
  	cmake/NvidiaCutlassPackageConfig.cmake
  	cmake/googletest.cmake
  	cmake/nop.cu
  	cmake/version_extended.h.in
  	cuBLAS.cmake
  	cuDNN.cmake
  	docs/_config.yml
  	docs/aligned__buffer_8h.html
  	docs/aligned__buffer_8h__dep__incl.md5
  	docs/aligned__buffer_8h__incl.md5
  	docs/aligned__buffer_8h_source.html
  	docs/annotated.html
  	docs/arch_2mma_8h.html
  	docs/arch_2mma_8h__dep__incl.md5
  	docs/arch_2mma_8h__incl.md5
  	docs/arch_2mma_8h_source.html
  	docs/arch_2mma__sm50_8h.html
  	docs/arch_2mma__sm50_8h__dep__incl.md5
  	docs/arch_2mma__sm50_8h__incl.md5
  	docs/arch_2mma__sm50_8h_source.html
  	docs/arch_2mma__sm60_8h.html
  	docs/arch_2mma__sm60_8h__dep__incl.md5
  	docs/arch_2mma__sm60_8h__incl.md5
  	docs/arch_2mma__sm60_8h_source.html
  	docs/arch_2mma__sm61_8h.html
  	docs/arch_2mma__sm61_8h__dep__incl.md5
  	docs/arch_2mma__sm61_8h__incl.md5
  	docs/arch_2mma__sm61_8h_source.html
  	docs/arch_8h.html
  	docs/arch_8h__dep__incl.md5
  	docs/arch_8h_source.html
  	docs/array_8h.html
  	docs/array_8h__incl.md5
  	docs/array_8h_source.html
  	docs/array__subbyte_8h.html
  	docs/array__subbyte_8h__dep__incl.md5
  	docs/array__subbyte_8h__incl.md5
  	docs/array__subbyte_8h_source.html
  	docs/batched__reduction_8h.html
  	docs/batched__reduction_8h__dep__incl.md5
  	docs/batched__reduction_8h__incl.md5
  	docs/batched__reduction_8h_source.html
  	docs/batched__reduction__traits_8h.html
  	docs/batched__reduction__traits_8h__incl.md5
  	docs/batched__reduction__traits_8h_source.html
  	docs/bc_s.png
  	docs/bdwn.png
  	docs/classcutlass_1_1AlignedArray.html
  	docs/classcutlass_1_1AlignedArray__coll__graph.md5
  	docs/classcutlass_1_1AlignedArray__inherit__graph.md5
  	docs/classcutlass_1_1Array_3_01T_00_01N_00_01false_01_4-members.html
  	docs/classcutlass_1_1Array_3_01T_00_01N_00_01false_01_4.html
  	docs/classcutlass_1_1Array_3_01T_00_01N_00_01false_01_4_1_1const__iterator-members.html
  	docs/classcutlass_1_1Array_3_01T_00_01N_00_01false_01_4_1_1const__iterator.html
  	docs/classcutlass_1_1Array_3_01T_00_01N_00_01false_01_4_1_1const__reference-members.html
  	docs/classcutlass_1_1Array_3_01T_00_01N_00_01false_01_4_1_1const__reference.html
  	docs/classcutlass_1_1Array_3_01T_00_01N_00_01false_01_4_1_1const__reverse__iterator-members.html
  	docs/classcutlass_1_1Array_3_01T_00_01N_00_01false_01_4_1_1const__reverse__iterator.html
  	docs/classcutlass_1_1Array_3_01T_00_01N_00_01false_01_4_1_1iterator-members.html
  	docs/classcutlass_1_1Array_3_01T_00_01N_00_01false_01_4_1_1iterator.html
  	docs/classcutlass_1_1Array_3_01T_00_01N_00_01false_01_4_1_1reference-members.html
  	docs/classcutlass_1_1Array_3_01T_00_01N_00_01false_01_4_1_1reference.html
  	docs/classcutlass_1_1Array_3_01T_00_01N_00_01false_01_4_1_1reverse__iterator-members.html
  	docs/classcutlass_1_1Array_3_01T_00_01N_00_01false_01_4_1_1reverse__iterator.html
  	docs/classcutlass_1_1Array_3_01T_00_01N_00_01true_01_4-members.html
  	docs/classcutlass_1_1Array_3_01T_00_01N_00_01true_01_4.html
  	docs/classcutlass_1_1Array_3_01T_00_01N_00_01true_01_4_1_1const__iterator-members.html
  	docs/classcutlass_1_1Array_3_01T_00_01N_00_01true_01_4_1_1const__iterator.html
  	docs/classcutlass_1_1Array_3_01T_00_01N_00_01true_01_4_1_1const__reverse__iterator-members.html
  	docs/classcutlass_1_1Array_3_01T_00_01N_00_01true_01_4_1_1const__reverse__iterator.html
  	docs/classcutlass_1_1Array_3_01T_00_01N_00_01true_01_4_1_1iterator-members.html
  	docs/classcutlass_1_1Array_3_01T_00_01N_00_01true_01_4_1_1iterator.html
  	docs/classcutlass_1_1Array_3_01T_00_01N_00_01true_01_4_1_1reverse__iterator-members.html
  	docs
  error: The following untracked working tree files would be removed by checkout:
  	.github/ISSUE_TEMPLATE/bug_report.yml
  	.github/ISSUE_TEMPLATE/feature_request.yml
  	.github/workflows/auto-label-issues.yml
  	.github/workflows/blossom-ci.yml
  	EULA.txt
  	customConfigs.cmake
  Please move or remove them before you switch branches.
  Aborting
  Error: git checkout failed with status: exit code: 1
warning: build failed, waiting for other jobs to finish...
